   1               		.file	"ledmeter.c"
   2               		.arch atmega8535
   3               	__SREG__ = 0x3f
   4               	__SP_H__ = 0x3e
   5               	__SP_L__ = 0x3d
   6               	__tmp_reg__ = 0
   7               	__zero_reg__ = 1
   8               		.global __do_copy_data
   9               		.global __do_clear_bss
  11               		.text
  12               	.Ltext0:
  74               	.global	switch_on_all_leds
  76               	switch_on_all_leds:
   1:ledmeter.c    **** // ***********************************************************
   2:ledmeter.c    **** // Project:
   3:ledmeter.c    **** // Author:
   4:ledmeter.c    **** // Module description:
   5:ledmeter.c    **** // ***********************************************************
   6:ledmeter.c    **** 
   7:ledmeter.c    **** #include <avr/io.h>              // Most basic include files
   8:ledmeter.c    **** 
   9:ledmeter.c    **** #include <math.h>
  10:ledmeter.c    **** 
  11:ledmeter.c    **** #define F_CPU 1000000UL  // 1 MHz
  12:ledmeter.c    **** #include <avr/delay.h>
  13:ledmeter.c    **** 
  14:ledmeter.c    **** 
  15:ledmeter.c    **** volatile unsigned char a2dCompleteFlag;
  16:ledmeter.c    **** 
  17:ledmeter.c    **** 
  18:ledmeter.c    **** #define Nleds 8  // number of leds connected to the uC
  19:ledmeter.c    **** 
  20:ledmeter.c    **** #define N 50 // number between 0 and 255
  21:ledmeter.c    **** #define Nmax 0xFF
  22:ledmeter.c    **** 
  23:ledmeter.c    **** 
  24:ledmeter.c    **** 
  25:ledmeter.c    **** /*
  26:ledmeter.c    **** void switch_on_all_leds();
  27:ledmeter.c    **** void switch_off_all_leds();
  28:ledmeter.c    **** void switch_on_led(int led);
  29:ledmeter.c    **** void switch_off_led(int led);
  30:ledmeter.c    **** void loop(void);
  31:ledmeter.c    **** void init(void);
  32:ledmeter.c    **** */
  33:ledmeter.c    **** 
  34:ledmeter.c    **** // 1=off
  35:ledmeter.c    **** // 0=on
  36:ledmeter.c    **** 
  37:ledmeter.c    **** /*
  38:ledmeter.c    ****  *
  39:ledmeter.c    ****  */
  40:ledmeter.c    **** void switch_on_all_leds() {
  78               	.LM1:
  79               	/* prologue: frame size=0 */
  80 0000 CF93      		push r28
  81 0002 DF93      		push r29
  82 0004 CDB7      		in r28,__SP_L__
  83 0006 DEB7      		in r29,__SP_H__
  84               	/* prologue end (size=4) */
  41:ledmeter.c    ****     PORTD = 0x00;
  86               	.LM2:
  87 0008 1092 3200 		sts 50,__zero_reg__
  88               	/* epilogue: frame size=0 */
  89 000c DF91      		pop r29
  90 000e CF91      		pop r28
  91 0010 0895      		ret
  92               	/* epilogue end (size=3) */
  93               	/* function switch_on_all_leds size 9 (2) */
  95               	.Lscope0:
  97               	.global	switch_off_all_leds
  99               	switch_off_all_leds:
  42:ledmeter.c    **** }
  43:ledmeter.c    **** 
  44:ledmeter.c    **** /*
  45:ledmeter.c    ****  *
  46:ledmeter.c    ****  */
  47:ledmeter.c    **** void switch_off_all_leds() {
 101               	.LM3:
 102               	/* prologue: frame size=0 */
 103 0012 CF93      		push r28
 104 0014 DF93      		push r29
 105 0016 CDB7      		in r28,__SP_L__
 106 0018 DEB7      		in r29,__SP_H__
 107               	/* prologue end (size=4) */
  48:ledmeter.c    ****     PORTD = 0xFF;
 109               	.LM4:
 110 001a 8FEF      		ldi r24,lo8(-1)
 111 001c 8093 3200 		sts 50,r24
 112               	/* epilogue: frame size=0 */
 113 0020 DF91      		pop r29
 114 0022 CF91      		pop r28
 115 0024 0895      		ret
 116               	/* epilogue end (size=3) */
 117               	/* function switch_off_all_leds size 10 (3) */
 119               	.Lscope1:
 122               	.global	switch_on_led
 124               	switch_on_led:
  49:ledmeter.c    **** }
  50:ledmeter.c    **** 
  51:ledmeter.c    **** // led from 1 to 8 (LEDSNUM)
  52:ledmeter.c    **** // PDx with w from 0 to 7
  53:ledmeter.c    **** 
  54:ledmeter.c    **** /*
  55:ledmeter.c    ****  *  switch on the led with the number called "led"
  56:ledmeter.c    ****  */
  57:ledmeter.c    **** void switch_on_led(int led) {
 126               	.LM5:
 127               	/* prologue: frame size=6 */
 128 0026 CF93      		push r28
 129 0028 DF93      		push r29
 130 002a CDB7      		in r28,__SP_L__
 131 002c DEB7      		in r29,__SP_H__
 132 002e 2697      		sbiw r28,6
 133 0030 0FB6      		in __tmp_reg__,__SREG__
 134 0032 F894      		cli
 135 0034 DEBF      		out __SP_H__,r29
 136 0036 0FBE      		out __SREG__,__tmp_reg__
 137 0038 CDBF      		out __SP_L__,r28
 138               	/* prologue end (size=10) */
 139 003a 9A83      		std Y+2,r25
 140 003c 8983      		std Y+1,r24
  58:ledmeter.c    ****     int pin = led - 1;
 142               	.LM6:
 143 003e 8981      		ldd r24,Y+1
 144 0040 9A81      		ldd r25,Y+2
 145 0042 0197      		sbiw r24,1
 146 0044 9C83      		std Y+4,r25
 147 0046 8B83      		std Y+3,r24
  59:ledmeter.c    ****     int mask = ~(0x01<<pin);
 149               	.LM7:
 150 0048 81E0      		ldi r24,lo8(1)
 151 004a 90E0      		ldi r25,hi8(1)
 152 004c 0B80      		ldd r0,Y+3
 153 004e 02C0      		rjmp 2f
 154 0050 880F      	1:	lsl r24
 155 0052 991F      		rol r25
 156 0054 0A94      	2:	dec r0
 157 0056 E2F7      		brpl 1b
 158 0058 8095      		com r24
 159 005a 9095      		com r25
 160 005c 9E83      		std Y+6,r25
 161 005e 8D83      		std Y+5,r24
  60:ledmeter.c    ****     PORTD&=mask;
 163               	.LM8:
 164 0060 9091 3200 		lds r25,50
 165 0064 8D81      		ldd r24,Y+5
 166 0066 8923      		and r24,r25
 167 0068 8093 3200 		sts 50,r24
 168               	/* epilogue: frame size=6 */
 169 006c 2696      		adiw r28,6
 170 006e 0FB6      		in __tmp_reg__,__SREG__
 171 0070 F894      		cli
 172 0072 DEBF      		out __SP_H__,r29
 173 0074 0FBE      		out __SREG__,__tmp_reg__
 174 0076 CDBF      		out __SP_L__,r28
 175 0078 DF91      		pop r29
 176 007a CF91      		pop r28
 177 007c 0895      		ret
 178               	/* epilogue end (size=9) */
 179               	/* function switch_on_led size 44 (25) */
 185               	.Lscope2:
 188               	.global	switch_off_led
 190               	switch_off_led:
  61:ledmeter.c    **** }
  62:ledmeter.c    **** 
  63:ledmeter.c    **** /*
  64:ledmeter.c    ****  *  switch off the led with the number called "led"
  65:ledmeter.c    ****  */
  66:ledmeter.c    **** void switch_off_led(int led) {
 192               	.LM9:
 193               	/* prologue: frame size=6 */
 194 007e CF93      		push r28
 195 0080 DF93      		push r29
 196 0082 CDB7      		in r28,__SP_L__
 197 0084 DEB7      		in r29,__SP_H__
 198 0086 2697      		sbiw r28,6
 199 0088 0FB6      		in __tmp_reg__,__SREG__
 200 008a F894      		cli
 201 008c DEBF      		out __SP_H__,r29
 202 008e 0FBE      		out __SREG__,__tmp_reg__
 203 0090 CDBF      		out __SP_L__,r28
 204               	/* prologue end (size=10) */
 205 0092 9A83      		std Y+2,r25
 206 0094 8983      		std Y+1,r24
  67:ledmeter.c    ****     int pin = led - 1;
 208               	.LM10:
 209 0096 8981      		ldd r24,Y+1
 210 0098 9A81      		ldd r25,Y+2
 211 009a 0197      		sbiw r24,1
 212 009c 9C83      		std Y+4,r25
 213 009e 8B83      		std Y+3,r24
  68:ledmeter.c    ****     int mask = (0x01<<pin);
 215               	.LM11:
 216 00a0 81E0      		ldi r24,lo8(1)
 217 00a2 90E0      		ldi r25,hi8(1)
 218 00a4 0B80      		ldd r0,Y+3
 219 00a6 02C0      		rjmp 2f
 220 00a8 880F      	1:	lsl r24
 221 00aa 991F      		rol r25
 222 00ac 0A94      	2:	dec r0
 223 00ae E2F7      		brpl 1b
 224 00b0 9E83      		std Y+6,r25
 225 00b2 8D83      		std Y+5,r24
  69:ledmeter.c    ****     PORTD|=mask;
 227               	.LM12:
 228 00b4 9091 3200 		lds r25,50
 229 00b8 8D81      		ldd r24,Y+5
 230 00ba 892B      		or r24,r25
 231 00bc 8093 3200 		sts 50,r24
 232               	/* epilogue: frame size=6 */
 233 00c0 2696      		adiw r28,6
 234 00c2 0FB6      		in __tmp_reg__,__SREG__
 235 00c4 F894      		cli
 236 00c6 DEBF      		out __SP_H__,r29
 237 00c8 0FBE      		out __SREG__,__tmp_reg__
 238 00ca CDBF      		out __SP_L__,r28
 239 00cc DF91      		pop r29
 240 00ce CF91      		pop r28
 241 00d0 0895      		ret
 242               	/* epilogue end (size=9) */
 243               	/* function switch_off_led size 42 (23) */
 249               	.Lscope3:
 252               	.global	switch_on_leds_with_delay
 254               	switch_on_leds_with_delay:
  70:ledmeter.c    **** }
  71:ledmeter.c    **** 
  72:ledmeter.c    **** /*
  73:ledmeter.c    ****  *  switch on every leds one after one with a delay (called "delay")
  74:ledmeter.c    ****  */
  75:ledmeter.c    **** void switch_on_leds_with_delay(double delay) {
 256               	.LM13:
 257               	/* prologue: frame size=18 */
 258 00d2 CF93      		push r28
 259 00d4 DF93      		push r29
 260 00d6 CDB7      		in r28,__SP_L__
 261 00d8 DEB7      		in r29,__SP_H__
 262 00da 6297      		sbiw r28,18
 263 00dc 0FB6      		in __tmp_reg__,__SREG__
 264 00de F894      		cli
 265 00e0 DEBF      		out __SP_H__,r29
 266 00e2 0FBE      		out __SREG__,__tmp_reg__
 267 00e4 CDBF      		out __SP_L__,r28
 268               	/* prologue end (size=10) */
 269 00e6 6983      		std Y+1,r22
 270 00e8 7A83      		std Y+2,r23
 271 00ea 8B83      		std Y+3,r24
 272 00ec 9C83      		std Y+4,r25
  76:ledmeter.c    ****     int i;
  77:ledmeter.c    ****     for(i = 1; i<=Nleds; i++) {
 274               	.LM14:
 275 00ee 81E0      		ldi r24,lo8(1)
 276 00f0 90E0      		ldi r25,hi8(1)
 277 00f2 9E83      		std Y+6,r25
 278 00f4 8D83      		std Y+5,r24
 279               	.L6:
 281               	.LM15:
 282 00f6 8D81      		ldd r24,Y+5
 283 00f8 9E81      		ldd r25,Y+6
 284 00fa 8930      		cpi r24,9
 285 00fc 9105      		cpc r25,__zero_reg__
 286 00fe 0CF0      		brlt .+2
 287 0100 53C0      		rjmp .L5
 288               	.LBB2:
 290               	.Ltext1:
   1:C:/WinAVR/avr/include/util/delay.h **** /* Copyright (c) 2002, Marek Michalkiewicz
   2:C:/WinAVR/avr/include/util/delay.h ****    Copyright (c) 2004,2005 Joerg Wunsch
   3:C:/WinAVR/avr/include/util/delay.h ****    All rights reserved.
   4:C:/WinAVR/avr/include/util/delay.h **** 
   5:C:/WinAVR/avr/include/util/delay.h ****    Redistribution and use in source and binary forms, with or without
   6:C:/WinAVR/avr/include/util/delay.h ****    modification, are permitted provided that the following conditions are met:
   7:C:/WinAVR/avr/include/util/delay.h **** 
   8:C:/WinAVR/avr/include/util/delay.h ****    * Redistributions of source code must retain the above copyright
   9:C:/WinAVR/avr/include/util/delay.h ****      notice, this list of conditions and the following disclaimer.
  10:C:/WinAVR/avr/include/util/delay.h **** 
  11:C:/WinAVR/avr/include/util/delay.h ****    * Redistributions in binary form must reproduce the above copyright
  12:C:/WinAVR/avr/include/util/delay.h ****      notice, this list of conditions and the following disclaimer in
  13:C:/WinAVR/avr/include/util/delay.h ****      the documentation and/or other materials provided with the
  14:C:/WinAVR/avr/include/util/delay.h ****      distribution.
  15:C:/WinAVR/avr/include/util/delay.h **** 
  16:C:/WinAVR/avr/include/util/delay.h ****    * Neither the name of the copyright holders nor the names of
  17:C:/WinAVR/avr/include/util/delay.h ****      contributors may be used to endorse or promote products derived
  18:C:/WinAVR/avr/include/util/delay.h ****      from this software without specific prior written permission.
  19:C:/WinAVR/avr/include/util/delay.h **** 
  20:C:/WinAVR/avr/include/util/delay.h ****   THIS SOFTWARE IS PROVIDED BY THE COPYRIGHT HOLDERS AND CONTRIBUTORS "AS IS"
  21:C:/WinAVR/avr/include/util/delay.h ****   AND ANY EXPRESS OR IMPLIED WARRANTIES, INCLUDING, BUT NOT LIMITED TO, THE
  22:C:/WinAVR/avr/include/util/delay.h ****   IMPLIED WARRANTIES OF MERCHANTABILITY AND FITNESS FOR A PARTICULAR PURPOSE
  23:C:/WinAVR/avr/include/util/delay.h ****   ARE DISCLAIMED. IN NO EVENT SHALL THE COPYRIGHT OWNER OR CONTRIBUTORS BE
  24:C:/WinAVR/avr/include/util/delay.h ****   LIABLE FOR ANY DIRECT, INDIRECT, INCIDENTAL, SPECIAL, EXEMPLARY, OR
  25:C:/WinAVR/avr/include/util/delay.h ****   CONSEQUENTIAL DAMAGES (INCLUDING, BUT NOT LIMITED TO, PROCUREMENT OF
  26:C:/WinAVR/avr/include/util/delay.h ****   SUBSTITUTE GOODS OR SERVICES; LOSS OF USE, DATA, OR PROFITS; OR BUSINESS
  27:C:/WinAVR/avr/include/util/delay.h ****   INTERRUPTION) HOWEVER CAUSED AND ON ANY THEORY OF LIABILITY, WHETHER IN
  28:C:/WinAVR/avr/include/util/delay.h ****   CONTRACT, STRICT LIABILITY, OR TORT (INCLUDING NEGLIGENCE OR OTHERWISE)
  29:C:/WinAVR/avr/include/util/delay.h ****   ARISING IN ANY WAY OUT OF THE USE OF THIS SOFTWARE, EVEN IF ADVISED OF THE
  30:C:/WinAVR/avr/include/util/delay.h ****   POSSIBILITY OF SUCH DAMAGE. */
  31:C:/WinAVR/avr/include/util/delay.h **** 
  32:C:/WinAVR/avr/include/util/delay.h **** /* $Id: delay.h,v 1.1.2.1 2005/12/12 23:19:49 joerg_wunsch Exp $ */
  33:C:/WinAVR/avr/include/util/delay.h **** 
  34:C:/WinAVR/avr/include/util/delay.h **** #ifndef _UTIL_DELAY_H_
  35:C:/WinAVR/avr/include/util/delay.h **** #define _UTIL_DELAY_H_ 1
  36:C:/WinAVR/avr/include/util/delay.h **** 
  37:C:/WinAVR/avr/include/util/delay.h **** #include <inttypes.h>
  38:C:/WinAVR/avr/include/util/delay.h **** 
  39:C:/WinAVR/avr/include/util/delay.h **** /** \defgroup util_delay <util/delay.h>: Busy-wait delay loops
  40:C:/WinAVR/avr/include/util/delay.h ****     \code
  41:C:/WinAVR/avr/include/util/delay.h ****     #define F_CPU 1000000UL  // 1 MHz
  42:C:/WinAVR/avr/include/util/delay.h ****     //#define F_CPU 14.7456E6
  43:C:/WinAVR/avr/include/util/delay.h ****     #include <util/delay.h>
  44:C:/WinAVR/avr/include/util/delay.h ****     \endcode
  45:C:/WinAVR/avr/include/util/delay.h **** 
  46:C:/WinAVR/avr/include/util/delay.h ****     \note As an alternative method, it is possible to pass the
  47:C:/WinAVR/avr/include/util/delay.h ****     F_CPU macro down to the compiler from the Makefile.
  48:C:/WinAVR/avr/include/util/delay.h ****     Obviously, in that case, no \c \#define statement should be
  49:C:/WinAVR/avr/include/util/delay.h ****     used.
  50:C:/WinAVR/avr/include/util/delay.h **** 
  51:C:/WinAVR/avr/include/util/delay.h ****     The functions in this header file implement simple delay loops
  52:C:/WinAVR/avr/include/util/delay.h ****     that perform a busy-waiting.  They are typically used to
  53:C:/WinAVR/avr/include/util/delay.h ****     facilitate short delays in the program execution.  They are
  54:C:/WinAVR/avr/include/util/delay.h ****     implemented as count-down loops with a well-known CPU cycle
  55:C:/WinAVR/avr/include/util/delay.h ****     count per loop iteration.  As such, no other processing can
  56:C:/WinAVR/avr/include/util/delay.h ****     occur simultaneously.  It should be kept in mind that the
  57:C:/WinAVR/avr/include/util/delay.h ****     functions described here do not disable interrupts.
  58:C:/WinAVR/avr/include/util/delay.h **** 
  59:C:/WinAVR/avr/include/util/delay.h ****     In general, for long delays, the use of hardware timers is
  60:C:/WinAVR/avr/include/util/delay.h ****     much preferrable, as they free the CPU, and allow for
  61:C:/WinAVR/avr/include/util/delay.h ****     concurrent processing of other events while the timer is
  62:C:/WinAVR/avr/include/util/delay.h ****     running.  However, in particular for very short delays, the
  63:C:/WinAVR/avr/include/util/delay.h ****     overhead of setting up a hardware timer is too much compared
  64:C:/WinAVR/avr/include/util/delay.h ****     to the overall delay time.
  65:C:/WinAVR/avr/include/util/delay.h **** 
  66:C:/WinAVR/avr/include/util/delay.h ****     Two inline functions are provided for the actual delay algorithms.
  67:C:/WinAVR/avr/include/util/delay.h **** 
  68:C:/WinAVR/avr/include/util/delay.h ****     Two wrapper functions allow the specification of microsecond, and
  69:C:/WinAVR/avr/include/util/delay.h ****     millisecond delays directly, using the application-supplied macro
  70:C:/WinAVR/avr/include/util/delay.h ****     F_CPU as the CPU clock frequency (in Hertz).  These functions
  71:C:/WinAVR/avr/include/util/delay.h ****     operate on double typed arguments, however when optimization is
  72:C:/WinAVR/avr/include/util/delay.h ****     turned on, the entire floating-point calculation will be done at
  73:C:/WinAVR/avr/include/util/delay.h ****     compile-time.
  74:C:/WinAVR/avr/include/util/delay.h **** 
  75:C:/WinAVR/avr/include/util/delay.h ****     \note When using _delay_us() and _delay_ms(), the expressions
  76:C:/WinAVR/avr/include/util/delay.h ****     passed as arguments to these functions shall be compile-time
  77:C:/WinAVR/avr/include/util/delay.h ****     constants, otherwise the floating-point calculations to setup the
  78:C:/WinAVR/avr/include/util/delay.h ****     loops will be done at run-time, thereby drastically increasing
  79:C:/WinAVR/avr/include/util/delay.h ****     both the resulting code size, as well as the time required to
  80:C:/WinAVR/avr/include/util/delay.h ****     setup the loops.
  81:C:/WinAVR/avr/include/util/delay.h **** */
  82:C:/WinAVR/avr/include/util/delay.h **** 
  83:C:/WinAVR/avr/include/util/delay.h **** #if !defined(__DOXYGEN__)
  84:C:/WinAVR/avr/include/util/delay.h **** static inline void _delay_loop_1(uint8_t __count) __attribute__((always_inline));
  85:C:/WinAVR/avr/include/util/delay.h **** static inline void _delay_loop_2(uint16_t __count) __attribute__((always_inline));
  86:C:/WinAVR/avr/include/util/delay.h **** static inline void _delay_us(double __us) __attribute__((always_inline));
  87:C:/WinAVR/avr/include/util/delay.h **** static inline void _delay_ms(double __ms) __attribute__((always_inline));
  88:C:/WinAVR/avr/include/util/delay.h **** #endif
  89:C:/WinAVR/avr/include/util/delay.h **** 
  90:C:/WinAVR/avr/include/util/delay.h **** /** \ingroup util_delay
  91:C:/WinAVR/avr/include/util/delay.h **** 
  92:C:/WinAVR/avr/include/util/delay.h ****     Delay loop using an 8-bit counter \c __count, so up to 256
  93:C:/WinAVR/avr/include/util/delay.h ****     iterations are possible.  (The value 256 would have to be passed
  94:C:/WinAVR/avr/include/util/delay.h ****     as 0.)  The loop executes three CPU cycles per iteration, not
  95:C:/WinAVR/avr/include/util/delay.h ****     including the overhead the compiler needs to setup the counter
  96:C:/WinAVR/avr/include/util/delay.h ****     register.
  97:C:/WinAVR/avr/include/util/delay.h **** 
  98:C:/WinAVR/avr/include/util/delay.h ****     Thus, at a CPU speed of 1 MHz, delays of up to 768 microseconds
  99:C:/WinAVR/avr/include/util/delay.h ****     can be achieved.
 100:C:/WinAVR/avr/include/util/delay.h **** */
 101:C:/WinAVR/avr/include/util/delay.h **** void
 102:C:/WinAVR/avr/include/util/delay.h **** _delay_loop_1(uint8_t __count)
 103:C:/WinAVR/avr/include/util/delay.h **** {
 104:C:/WinAVR/avr/include/util/delay.h **** 	__asm__ volatile (
 105:C:/WinAVR/avr/include/util/delay.h **** 		"1: dec %0" "\n\t"
 106:C:/WinAVR/avr/include/util/delay.h **** 		"brne 1b"
 107:C:/WinAVR/avr/include/util/delay.h **** 		: "=r" (__count)
 108:C:/WinAVR/avr/include/util/delay.h **** 		: "0" (__count)
 109:C:/WinAVR/avr/include/util/delay.h **** 	);
 110:C:/WinAVR/avr/include/util/delay.h **** }
 111:C:/WinAVR/avr/include/util/delay.h **** 
 112:C:/WinAVR/avr/include/util/delay.h **** /** \ingroup util_delay
 113:C:/WinAVR/avr/include/util/delay.h **** 
 114:C:/WinAVR/avr/include/util/delay.h ****     Delay loop using a 16-bit counter \c __count, so up to 65536
 115:C:/WinAVR/avr/include/util/delay.h ****     iterations are possible.  (The value 65536 would have to be
 116:C:/WinAVR/avr/include/util/delay.h ****     passed as 0.)  The loop executes four CPU cycles per iteration,
 117:C:/WinAVR/avr/include/util/delay.h ****     not including the overhead the compiler requires to setup the
 118:C:/WinAVR/avr/include/util/delay.h ****     counter register pair.
 119:C:/WinAVR/avr/include/util/delay.h **** 
 120:C:/WinAVR/avr/include/util/delay.h ****     Thus, at a CPU speed of 1 MHz, delays of up to about 262.1
 121:C:/WinAVR/avr/include/util/delay.h ****     milliseconds can be achieved.
 122:C:/WinAVR/avr/include/util/delay.h ****  */
 123:C:/WinAVR/avr/include/util/delay.h **** void
 124:C:/WinAVR/avr/include/util/delay.h **** _delay_loop_2(uint16_t __count)
 125:C:/WinAVR/avr/include/util/delay.h **** {
 126:C:/WinAVR/avr/include/util/delay.h **** 	__asm__ volatile (
 127:C:/WinAVR/avr/include/util/delay.h **** 		"1: sbiw %0,1" "\n\t"
 128:C:/WinAVR/avr/include/util/delay.h **** 		"brne 1b"
 129:C:/WinAVR/avr/include/util/delay.h **** 		: "=w" (__count)
 130:C:/WinAVR/avr/include/util/delay.h **** 		: "0" (__count)
 131:C:/WinAVR/avr/include/util/delay.h **** 	);
 132:C:/WinAVR/avr/include/util/delay.h **** }
 133:C:/WinAVR/avr/include/util/delay.h **** 
 134:C:/WinAVR/avr/include/util/delay.h **** #ifndef F_CPU
 135:C:/WinAVR/avr/include/util/delay.h **** /* prevent compiler error by supplying a default */
 136:C:/WinAVR/avr/include/util/delay.h **** # warning "F_CPU not defined for <util/delay.h>"
 137:C:/WinAVR/avr/include/util/delay.h **** # define F_CPU 1000000UL
 138:C:/WinAVR/avr/include/util/delay.h **** #endif
 139:C:/WinAVR/avr/include/util/delay.h **** 
 140:C:/WinAVR/avr/include/util/delay.h **** /**
 141:C:/WinAVR/avr/include/util/delay.h ****    \ingroup util_delay
 142:C:/WinAVR/avr/include/util/delay.h **** 
 143:C:/WinAVR/avr/include/util/delay.h ****    Perform a delay of \c __us microseconds, using _delay_loop_1().
 144:C:/WinAVR/avr/include/util/delay.h **** 
 145:C:/WinAVR/avr/include/util/delay.h ****    The macro F_CPU is supposed to be defined to a
 146:C:/WinAVR/avr/include/util/delay.h ****    constant defining the CPU clock frequency (in Hertz).
 147:C:/WinAVR/avr/include/util/delay.h **** 
 148:C:/WinAVR/avr/include/util/delay.h ****    The maximal possible delay is 768 us / F_CPU in MHz.
 149:C:/WinAVR/avr/include/util/delay.h ****  */
 150:C:/WinAVR/avr/include/util/delay.h **** void
 151:C:/WinAVR/avr/include/util/delay.h **** _delay_us(double __us)
 152:C:/WinAVR/avr/include/util/delay.h **** {
 153:C:/WinAVR/avr/include/util/delay.h **** 	uint8_t __ticks;
 154:C:/WinAVR/avr/include/util/delay.h **** 	double __tmp = ((F_CPU) / 3e6) * __us;
 155:C:/WinAVR/avr/include/util/delay.h **** 	if (__tmp < 1.0)
 156:C:/WinAVR/avr/include/util/delay.h **** 		__ticks = 1;
 157:C:/WinAVR/avr/include/util/delay.h **** 	else if (__tmp > 255)
 158:C:/WinAVR/avr/include/util/delay.h **** 		__ticks = 0;	/* i.e. 256 */
 159:C:/WinAVR/avr/include/util/delay.h **** 	else
 160:C:/WinAVR/avr/include/util/delay.h **** 		__ticks = (uint8_t)__tmp;
 161:C:/WinAVR/avr/include/util/delay.h **** 	_delay_loop_1(__ticks);
 162:C:/WinAVR/avr/include/util/delay.h **** }
 163:C:/WinAVR/avr/include/util/delay.h **** 
 164:C:/WinAVR/avr/include/util/delay.h **** 
 165:C:/WinAVR/avr/include/util/delay.h **** /**
 166:C:/WinAVR/avr/include/util/delay.h ****    \ingroup util_delay
 167:C:/WinAVR/avr/include/util/delay.h **** 
 168:C:/WinAVR/avr/include/util/delay.h ****    Perform a delay of \c __ms milliseconds, using _delay_loop_2().
 169:C:/WinAVR/avr/include/util/delay.h **** 
 170:C:/WinAVR/avr/include/util/delay.h ****    The macro F_CPU is supposed to be defined to a
 171:C:/WinAVR/avr/include/util/delay.h ****    constant defining the CPU clock frequency (in Hertz).
 172:C:/WinAVR/avr/include/util/delay.h **** 
 173:C:/WinAVR/avr/include/util/delay.h ****    The maximal possible delay is 262.14 ms / F_CPU in MHz.
 174:C:/WinAVR/avr/include/util/delay.h ****  */
 175:C:/WinAVR/avr/include/util/delay.h **** void
 176:C:/WinAVR/avr/include/util/delay.h **** _delay_ms(double __ms)
 177:C:/WinAVR/avr/include/util/delay.h **** {
 292               	.LM16:
 293 0102 8981      		ldd r24,Y+1
 294 0104 9A81      		ldd r25,Y+2
 295 0106 AB81      		ldd r26,Y+3
 296 0108 BC81      		ldd r27,Y+4
 297 010a 8F83      		std Y+7,r24
 298 010c 9887      		std Y+8,r25
 299 010e A987      		std Y+9,r26
 300 0110 BA87      		std Y+10,r27
 301               	.LBB3:
 178:C:/WinAVR/avr/include/util/delay.h **** 	uint16_t __ticks;
 179:C:/WinAVR/avr/include/util/delay.h **** 	double __tmp = ((F_CPU) / 4e3) * __ms;
 303               	.LM17:
 304 0112 20E0      		ldi r18,lo8(0x437a0000)
 305 0114 30E0      		ldi r19,hi8(0x437a0000)
 306 0116 4AE7      		ldi r20,hlo8(0x437a0000)
 307 0118 53E4      		ldi r21,hhi8(0x437a0000)
 308 011a 6F81      		ldd r22,Y+7
 309 011c 7885      		ldd r23,Y+8
 310 011e 8985      		ldd r24,Y+9
 311 0120 9A85      		ldd r25,Y+10
 312 0122 00D0      		rcall __mulsf3
 313 0124 DC01      		movw r26,r24
 314 0126 CB01      		movw r24,r22
 315 0128 8D87      		std Y+13,r24
 316 012a 9E87      		std Y+14,r25
 317 012c AF87      		std Y+15,r26
 318 012e B88B      		std Y+16,r27
 180:C:/WinAVR/avr/include/util/delay.h **** 	if (__tmp < 1.0)
 320               	.LM18:
 321 0130 20E0      		ldi r18,lo8(0x3f800000)
 322 0132 30E0      		ldi r19,hi8(0x3f800000)
 323 0134 40E8      		ldi r20,hlo8(0x3f800000)
 324 0136 5FE3      		ldi r21,hhi8(0x3f800000)
 325 0138 6D85      		ldd r22,Y+13
 326 013a 7E85      		ldd r23,Y+14
 327 013c 8F85      		ldd r24,Y+15
 328 013e 9889      		ldd r25,Y+16
 329 0140 00D0      		rcall __ltsf2
 330 0142 8823      		tst r24
 331 0144 0CF0      		brlt .L10
 332 0146 05C0      		rjmp .L9
 333               	.L10:
 181:C:/WinAVR/avr/include/util/delay.h **** 		__ticks = 1;
 335               	.LM19:
 336 0148 81E0      		ldi r24,lo8(1)
 337 014a 90E0      		ldi r25,hi8(1)
 338 014c 9C87      		std Y+12,r25
 339 014e 8B87      		std Y+11,r24
 340 0150 18C0      		rjmp .L11
 341               	.L9:
 182:C:/WinAVR/avr/include/util/delay.h **** 	else if (__tmp > 65535)
 343               	.LM20:
 344 0152 20E0      		ldi r18,lo8(0x477fff00)
 345 0154 3FEF      		ldi r19,hi8(0x477fff00)
 346 0156 4FE7      		ldi r20,hlo8(0x477fff00)
 347 0158 57E4      		ldi r21,hhi8(0x477fff00)
 348 015a 6D85      		ldd r22,Y+13
 349 015c 7E85      		ldd r23,Y+14
 350 015e 8F85      		ldd r24,Y+15
 351 0160 9889      		ldd r25,Y+16
 352 0162 00D0      		rcall __gtsf2
 353 0164 1816      		cp __zero_reg__,r24
 354 0166 0CF0      		brlt .L13
 355 0168 03C0      		rjmp .L12
 356               	.L13:
 183:C:/WinAVR/avr/include/util/delay.h **** 		__ticks = 0;	/* i.e. 65536 */
 358               	.LM21:
 359 016a 1C86      		std Y+12,__zero_reg__
 360 016c 1B86      		std Y+11,__zero_reg__
 361 016e 09C0      		rjmp .L11
 362               	.L12:
 184:C:/WinAVR/avr/include/util/delay.h **** 	else
 185:C:/WinAVR/avr/include/util/delay.h **** 		__ticks = (uint16_t)__tmp;
 364               	.LM22:
 365 0170 6D85      		ldd r22,Y+13
 366 0172 7E85      		ldd r23,Y+14
 367 0174 8F85      		ldd r24,Y+15
 368 0176 9889      		ldd r25,Y+16
 369 0178 00D0      		rcall __fixunssfsi
 370 017a DC01      		movw r26,r24
 371 017c CB01      		movw r24,r22
 372 017e 9C87      		std Y+12,r25
 373 0180 8B87      		std Y+11,r24
 374               	.L11:
 375               	.LBB4:
 377               	.LM23:
 378 0182 8B85      		ldd r24,Y+11
 379 0184 9C85      		ldd r25,Y+12
 380 0186 9A8B      		std Y+18,r25
 381 0188 898B      		std Y+17,r24
 382               	.LBB5:
 384               	.LM24:
 385 018a 8989      		ldd r24,Y+17
 386 018c 9A89      		ldd r25,Y+18
 387               	/* #APP */
 388 018e 0197      		1: sbiw r24,1
 389 0190 F1F7      		brne 1b
 390               	/* #NOAPP */
 391 0192 9A8B      		std Y+18,r25
 392 0194 898B      		std Y+17,r24
 393               	.LBE5:
 394               	.LBE4:
 395               	.LBE3:
 396               	.LBE2:
 398               	.Ltext2:
  78:ledmeter.c    ****         _delay_ms(delay);
  79:ledmeter.c    ****         switch_on_led(i);
 400               	.LM25:
 401 0196 8D81      		ldd r24,Y+5
 402 0198 9E81      		ldd r25,Y+6
 403 019a 45DF      		rcall switch_on_led
 405               	.LM26:
 406 019c 8D81      		ldd r24,Y+5
 407 019e 9E81      		ldd r25,Y+6
 408 01a0 0196      		adiw r24,1
 409 01a2 9E83      		std Y+6,r25
 410 01a4 8D83      		std Y+5,r24
 411 01a6 A7CF      		rjmp .L6
 412               	.L5:
 413               	/* epilogue: frame size=18 */
 414 01a8 6296      		adiw r28,18
 415 01aa 0FB6      		in __tmp_reg__,__SREG__
 416 01ac F894      		cli
 417 01ae DEBF      		out __SP_H__,r29
 418 01b0 0FBE      		out __SREG__,__tmp_reg__
 419 01b2 CDBF      		out __SP_L__,r28
 420 01b4 DF91      		pop r29
 421 01b6 CF91      		pop r28
 422 01b8 0895      		ret
 423               	/* epilogue end (size=9) */
 424               	/* function switch_on_leds_with_delay size 118 (99) */
 439               	.Lscope4:
 442               	.global	switch_off_leds_with_delay
 444               	switch_off_leds_with_delay:
  80:ledmeter.c    ****     }
  81:ledmeter.c    **** }
  82:ledmeter.c    **** 
  83:ledmeter.c    **** /*
  84:ledmeter.c    ****  *  switch off every leds on after one with a delay (called "delay")
  85:ledmeter.c    ****  */
  86:ledmeter.c    **** void switch_off_leds_with_delay(double delay) {
 446               	.LM27:
 447               	/* prologue: frame size=18 */
 448 01ba CF93      		push r28
 449 01bc DF93      		push r29
 450 01be CDB7      		in r28,__SP_L__
 451 01c0 DEB7      		in r29,__SP_H__
 452 01c2 6297      		sbiw r28,18
 453 01c4 0FB6      		in __tmp_reg__,__SREG__
 454 01c6 F894      		cli
 455 01c8 DEBF      		out __SP_H__,r29
 456 01ca 0FBE      		out __SREG__,__tmp_reg__
 457 01cc CDBF      		out __SP_L__,r28
 458               	/* prologue end (size=10) */
 459 01ce 6983      		std Y+1,r22
 460 01d0 7A83      		std Y+2,r23
 461 01d2 8B83      		std Y+3,r24
 462 01d4 9C83      		std Y+4,r25
  87:ledmeter.c    ****     int i;
  88:ledmeter.c    ****     for(i = Nleds; i>=0; i--) {
 464               	.LM28:
 465 01d6 88E0      		ldi r24,lo8(8)
 466 01d8 90E0      		ldi r25,hi8(8)
 467 01da 9E83      		std Y+6,r25
 468 01dc 8D83      		std Y+5,r24
 469               	.L18:
 471               	.LM29:
 472 01de 8D81      		ldd r24,Y+5
 473 01e0 9E81      		ldd r25,Y+6
 474 01e2 9923      		tst r25
 475 01e4 0CF4      		brge .+2
 476 01e6 53C0      		rjmp .L17
 477               	.LBB6:
 479               	.Ltext3:
 481               	.LM30:
 482 01e8 8981      		ldd r24,Y+1
 483 01ea 9A81      		ldd r25,Y+2
 484 01ec AB81      		ldd r26,Y+3
 485 01ee BC81      		ldd r27,Y+4
 486 01f0 8F83      		std Y+7,r24
 487 01f2 9887      		std Y+8,r25
 488 01f4 A987      		std Y+9,r26
 489 01f6 BA87      		std Y+10,r27
 490               	.LBB7:
 492               	.LM31:
 493 01f8 20E0      		ldi r18,lo8(0x437a0000)
 494 01fa 30E0      		ldi r19,hi8(0x437a0000)
 495 01fc 4AE7      		ldi r20,hlo8(0x437a0000)
 496 01fe 53E4      		ldi r21,hhi8(0x437a0000)
 497 0200 6F81      		ldd r22,Y+7
 498 0202 7885      		ldd r23,Y+8
 499 0204 8985      		ldd r24,Y+9
 500 0206 9A85      		ldd r25,Y+10
 501 0208 00D0      		rcall __mulsf3
 502 020a DC01      		movw r26,r24
 503 020c CB01      		movw r24,r22
 504 020e 8D87      		std Y+13,r24
 505 0210 9E87      		std Y+14,r25
 506 0212 AF87      		std Y+15,r26
 507 0214 B88B      		std Y+16,r27
 509               	.LM32:
 510 0216 20E0      		ldi r18,lo8(0x3f800000)
 511 0218 30E0      		ldi r19,hi8(0x3f800000)
 512 021a 40E8      		ldi r20,hlo8(0x3f800000)
 513 021c 5FE3      		ldi r21,hhi8(0x3f800000)
 514 021e 6D85      		ldd r22,Y+13
 515 0220 7E85      		ldd r23,Y+14
 516 0222 8F85      		ldd r24,Y+15
 517 0224 9889      		ldd r25,Y+16
 518 0226 00D0      		rcall __ltsf2
 519 0228 8823      		tst r24
 520 022a 0CF0      		brlt .L22
 521 022c 05C0      		rjmp .L21
 522               	.L22:
 524               	.LM33:
 525 022e 81E0      		ldi r24,lo8(1)
 526 0230 90E0      		ldi r25,hi8(1)
 527 0232 9C87      		std Y+12,r25
 528 0234 8B87      		std Y+11,r24
 529 0236 18C0      		rjmp .L23
 530               	.L21:
 532               	.LM34:
 533 0238 20E0      		ldi r18,lo8(0x477fff00)
 534 023a 3FEF      		ldi r19,hi8(0x477fff00)
 535 023c 4FE7      		ldi r20,hlo8(0x477fff00)
 536 023e 57E4      		ldi r21,hhi8(0x477fff00)
 537 0240 6D85      		ldd r22,Y+13
 538 0242 7E85      		ldd r23,Y+14
 539 0244 8F85      		ldd r24,Y+15
 540 0246 9889      		ldd r25,Y+16
 541 0248 00D0      		rcall __gtsf2
 542 024a 1816      		cp __zero_reg__,r24
 543 024c 0CF0      		brlt .L25
 544 024e 03C0      		rjmp .L24
 545               	.L25:
 547               	.LM35:
 548 0250 1C86      		std Y+12,__zero_reg__
 549 0252 1B86      		std Y+11,__zero_reg__
 550 0254 09C0      		rjmp .L23
 551               	.L24:
 553               	.LM36:
 554 0256 6D85      		ldd r22,Y+13
 555 0258 7E85      		ldd r23,Y+14
 556 025a 8F85      		ldd r24,Y+15
 557 025c 9889      		ldd r25,Y+16
 558 025e 00D0      		rcall __fixunssfsi
 559 0260 DC01      		movw r26,r24
 560 0262 CB01      		movw r24,r22
 561 0264 9C87      		std Y+12,r25
 562 0266 8B87      		std Y+11,r24
 563               	.L23:
 564               	.LBB8:
 566               	.LM37:
 567 0268 8B85      		ldd r24,Y+11
 568 026a 9C85      		ldd r25,Y+12
 569 026c 9A8B      		std Y+18,r25
 570 026e 898B      		std Y+17,r24
 571               	.LBB9:
 573               	.LM38:
 574 0270 8989      		ldd r24,Y+17
 575 0272 9A89      		ldd r25,Y+18
 576               	/* #APP */
 577 0274 0197      		1: sbiw r24,1
 578 0276 F1F7      		brne 1b
 579               	/* #NOAPP */
 580 0278 9A8B      		std Y+18,r25
 581 027a 898B      		std Y+17,r24
 582               	.LBE9:
 583               	.LBE8:
 584               	.LBE7:
 585               	.LBE6:
 587               	.Ltext4:
  89:ledmeter.c    ****         _delay_ms(delay);
  90:ledmeter.c    ****         switch_off_led(i);
 589               	.LM39:
 590 027c 8D81      		ldd r24,Y+5
 591 027e 9E81      		ldd r25,Y+6
 592 0280 FEDE      		rcall switch_off_led
 594               	.LM40:
 595 0282 8D81      		ldd r24,Y+5
 596 0284 9E81      		ldd r25,Y+6
 597 0286 0197      		sbiw r24,1
 598 0288 9E83      		std Y+6,r25
 599 028a 8D83      		std Y+5,r24
 600 028c A8CF      		rjmp .L18
 601               	.L17:
 602               	/* epilogue: frame size=18 */
 603 028e 6296      		adiw r28,18
 604 0290 0FB6      		in __tmp_reg__,__SREG__
 605 0292 F894      		cli
 606 0294 DEBF      		out __SP_H__,r29
 607 0296 0FBE      		out __SREG__,__tmp_reg__
 608 0298 CDBF      		out __SP_L__,r28
 609 029a DF91      		pop r29
 610 029c CF91      		pop r28
 611 029e 0895      		ret
 612               	/* epilogue end (size=9) */
 613               	/* function switch_off_leds_with_delay size 117 (98) */
 628               	.Lscope5:
 630               	.global	test_leds
 632               	test_leds:
  91:ledmeter.c    ****     }
  92:ledmeter.c    **** }
  93:ledmeter.c    **** 
  94:ledmeter.c    **** /*
  95:ledmeter.c    ****  * a function for testing leds that switch on every leds and switch off every leds (one after one)
  96:ledmeter.c    ****  */
  97:ledmeter.c    **** void test_leds() {
 634               	.LM41:
 635               	/* prologue: frame size=12 */
 636 02a0 CF93      		push r28
 637 02a2 DF93      		push r29
 638 02a4 CDB7      		in r28,__SP_L__
 639 02a6 DEB7      		in r29,__SP_H__
 640 02a8 2C97      		sbiw r28,12
 641 02aa 0FB6      		in __tmp_reg__,__SREG__
 642 02ac F894      		cli
 643 02ae DEBF      		out __SP_H__,r29
 644 02b0 0FBE      		out __SREG__,__tmp_reg__
 645 02b2 CDBF      		out __SP_L__,r28
 646               	/* prologue end (size=10) */
  98:ledmeter.c    ****     switch_on_leds_with_delay(100);
 648               	.LM42:
 649 02b4 60E0      		ldi r22,lo8(0x42c80000)
 650 02b6 70E0      		ldi r23,hi8(0x42c80000)
 651 02b8 88EC      		ldi r24,hlo8(0x42c80000)
 652 02ba 92E4      		ldi r25,hhi8(0x42c80000)
 653 02bc 0ADF      		rcall switch_on_leds_with_delay
 654               	.LBB10:
 656               	.Ltext5:
 658               	.LM43:
 659 02be 80E0      		ldi r24,lo8(0x42480000)
 660 02c0 90E0      		ldi r25,hi8(0x42480000)
 661 02c2 A8E4      		ldi r26,hlo8(0x42480000)
 662 02c4 B2E4      		ldi r27,hhi8(0x42480000)
 663 02c6 8983      		std Y+1,r24
 664 02c8 9A83      		std Y+2,r25
 665 02ca AB83      		std Y+3,r26
 666 02cc BC83      		std Y+4,r27
 667               	.LBB11:
 669               	.LM44:
 670 02ce 20E0      		ldi r18,lo8(0x437a0000)
 671 02d0 30E0      		ldi r19,hi8(0x437a0000)
 672 02d2 4AE7      		ldi r20,hlo8(0x437a0000)
 673 02d4 53E4      		ldi r21,hhi8(0x437a0000)
 674 02d6 6981      		ldd r22,Y+1
 675 02d8 7A81      		ldd r23,Y+2
 676 02da 8B81      		ldd r24,Y+3
 677 02dc 9C81      		ldd r25,Y+4
 678 02de 00D0      		rcall __mulsf3
 679 02e0 DC01      		movw r26,r24
 680 02e2 CB01      		movw r24,r22
 681 02e4 8F83      		std Y+7,r24
 682 02e6 9887      		std Y+8,r25
 683 02e8 A987      		std Y+9,r26
 684 02ea BA87      		std Y+10,r27
 686               	.LM45:
 687 02ec 20E0      		ldi r18,lo8(0x3f800000)
 688 02ee 30E0      		ldi r19,hi8(0x3f800000)
 689 02f0 40E8      		ldi r20,hlo8(0x3f800000)
 690 02f2 5FE3      		ldi r21,hhi8(0x3f800000)
 691 02f4 6F81      		ldd r22,Y+7
 692 02f6 7885      		ldd r23,Y+8
 693 02f8 8985      		ldd r24,Y+9
 694 02fa 9A85      		ldd r25,Y+10
 695 02fc 00D0      		rcall __ltsf2
 696 02fe 8823      		tst r24
 697 0300 0CF0      		brlt .L31
 699               	.LM46:
 700 0302 05C0      		rjmp .L30
 701               	.L31:
 703               	.LM47:
 704 0304 81E0      		ldi r24,lo8(1)
 705 0306 90E0      		ldi r25,hi8(1)
 706 0308 9E83      		std Y+6,r25
 707 030a 8D83      		std Y+5,r24
 708 030c 18C0      		rjmp .L32
 709               	.L30:
 711               	.LM48:
 712 030e 20E0      		ldi r18,lo8(0x477fff00)
 713 0310 3FEF      		ldi r19,hi8(0x477fff00)
 714 0312 4FE7      		ldi r20,hlo8(0x477fff00)
 715 0314 57E4      		ldi r21,hhi8(0x477fff00)
 716 0316 6F81      		ldd r22,Y+7
 717 0318 7885      		ldd r23,Y+8
 718 031a 8985      		ldd r24,Y+9
 719 031c 9A85      		ldd r25,Y+10
 720 031e 00D0      		rcall __gtsf2
 721 0320 1816      		cp __zero_reg__,r24
 722 0322 0CF0      		brlt .L34
 723 0324 03C0      		rjmp .L33
 724               	.L34:
 726               	.LM49:
 727 0326 1E82      		std Y+6,__zero_reg__
 728 0328 1D82      		std Y+5,__zero_reg__
 729 032a 09C0      		rjmp .L32
 730               	.L33:
 732               	.LM50:
 733 032c 6F81      		ldd r22,Y+7
 734 032e 7885      		ldd r23,Y+8
 735 0330 8985      		ldd r24,Y+9
 736 0332 9A85      		ldd r25,Y+10
 737 0334 00D0      		rcall __fixunssfsi
 738 0336 DC01      		movw r26,r24
 739 0338 CB01      		movw r24,r22
 740 033a 9E83      		std Y+6,r25
 741 033c 8D83      		std Y+5,r24
 742               	.L32:
 743               	.LBB12:
 745               	.LM51:
 746 033e 8D81      		ldd r24,Y+5
 747 0340 9E81      		ldd r25,Y+6
 748 0342 9C87      		std Y+12,r25
 749 0344 8B87      		std Y+11,r24
 750               	.LBB13:
 752               	.LM52:
 753 0346 8B85      		ldd r24,Y+11
 754 0348 9C85      		ldd r25,Y+12
 755               	/* #APP */
 756 034a 0197      		1: sbiw r24,1
 757 034c F1F7      		brne 1b
 758               	/* #NOAPP */
 759 034e 9C87      		std Y+12,r25
 760 0350 8B87      		std Y+11,r24
 761               	.LBE13:
 762               	.LBE12:
 763               	.LBE11:
 764               	.LBE10:
 766               	.Ltext6:
  99:ledmeter.c    ****     _delay_ms(50);
 100:ledmeter.c    ****     switch_off_leds_with_delay(100);
 768               	.LM53:
 769 0352 60E0      		ldi r22,lo8(0x42c80000)
 770 0354 70E0      		ldi r23,hi8(0x42c80000)
 771 0356 88EC      		ldi r24,hlo8(0x42c80000)
 772 0358 92E4      		ldi r25,hhi8(0x42c80000)
 773 035a 2FDF      		rcall switch_off_leds_with_delay
 774               	/* epilogue: frame size=12 */
 775 035c 2C96      		adiw r28,12
 776 035e 0FB6      		in __tmp_reg__,__SREG__
 777 0360 F894      		cli
 778 0362 DEBF      		out __SP_H__,r29
 779 0364 0FBE      		out __SREG__,__tmp_reg__
 780 0366 CDBF      		out __SP_L__,r28
 781 0368 DF91      		pop r29
 782 036a CF91      		pop r28
 783 036c 0895      		ret
 784               	/* epilogue end (size=9) */
 785               	/* function test_leds size 105 (86) */
 797               	.Lscope6:
 800               	.global	switch_on_min_dels
 802               	switch_on_min_dels:
 101:ledmeter.c    **** }
 102:ledmeter.c    **** 
 103:ledmeter.c    **** /*
 104:ledmeter.c    ****  *  switch on every leds (from 0 to n)
 105:ledmeter.c    ****  */
 106:ledmeter.c    **** void switch_on_min_dels(int n) {
 804               	.LM54:
 805               	/* prologue: frame size=4 */
 806 036e CF93      		push r28
 807 0370 DF93      		push r29
 808 0372 CDB7      		in r28,__SP_L__
 809 0374 DEB7      		in r29,__SP_H__
 810 0376 2497      		sbiw r28,4
 811 0378 0FB6      		in __tmp_reg__,__SREG__
 812 037a F894      		cli
 813 037c DEBF      		out __SP_H__,r29
 814 037e 0FBE      		out __SREG__,__tmp_reg__
 815 0380 CDBF      		out __SP_L__,r28
 816               	/* prologue end (size=10) */
 817 0382 9A83      		std Y+2,r25
 818 0384 8983      		std Y+1,r24
 107:ledmeter.c    ****     int i;
 108:ledmeter.c    ****     for(i = 1; (i<=Nleds) && (i<=n); i++) {
 820               	.LM55:
 821 0386 81E0      		ldi r24,lo8(1)
 822 0388 90E0      		ldi r25,hi8(1)
 823 038a 9C83      		std Y+4,r25
 824 038c 8B83      		std Y+3,r24
 825               	.L39:
 827               	.LM56:
 828 038e 8B81      		ldd r24,Y+3
 829 0390 9C81      		ldd r25,Y+4
 830 0392 8930      		cpi r24,9
 831 0394 9105      		cpc r25,__zero_reg__
 832 0396 84F4      		brge .L38
 833 0398 2B81      		ldd r18,Y+3
 834 039a 3C81      		ldd r19,Y+4
 835 039c 8981      		ldd r24,Y+1
 836 039e 9A81      		ldd r25,Y+2
 837 03a0 8217      		cp r24,r18
 838 03a2 9307      		cpc r25,r19
 839 03a4 4CF0      		brlt .L38
 109:ledmeter.c    ****         switch_on_led(i);
 841               	.LM57:
 842 03a6 8B81      		ldd r24,Y+3
 843 03a8 9C81      		ldd r25,Y+4
 844 03aa 3DDE      		rcall switch_on_led
 846               	.LM58:
 847 03ac 8B81      		ldd r24,Y+3
 848 03ae 9C81      		ldd r25,Y+4
 849 03b0 0196      		adiw r24,1
 850 03b2 9C83      		std Y+4,r25
 851 03b4 8B83      		std Y+3,r24
 852 03b6 EBCF      		rjmp .L39
 853               	.L38:
 854               	/* epilogue: frame size=4 */
 855 03b8 2496      		adiw r28,4
 856 03ba 0FB6      		in __tmp_reg__,__SREG__
 857 03bc F894      		cli
 858 03be DEBF      		out __SP_H__,r29
 859 03c0 0FBE      		out __SREG__,__tmp_reg__
 860 03c2 CDBF      		out __SP_L__,r28
 861 03c4 DF91      		pop r29
 862 03c6 CF91      		pop r28
 863 03c8 0895      		ret
 864               	/* epilogue end (size=9) */
 865               	/* function switch_on_min_dels size 46 (27) */
 870               	.Lscope7:
 873               	.global	switch_on_max_dels
 875               	switch_on_max_dels:
 110:ledmeter.c    ****     }
 111:ledmeter.c    **** }
 112:ledmeter.c    **** 
 113:ledmeter.c    **** /*
 114:ledmeter.c    ****  *  switch on every leds (from Nleds to n)
 115:ledmeter.c    ****  */
 116:ledmeter.c    **** void switch_on_max_dels(int n) {
 877               	.LM59:
 878               	/* prologue: frame size=4 */
 879 03ca CF93      		push r28
 880 03cc DF93      		push r29
 881 03ce CDB7      		in r28,__SP_L__
 882 03d0 DEB7      		in r29,__SP_H__
 883 03d2 2497      		sbiw r28,4
 884 03d4 0FB6      		in __tmp_reg__,__SREG__
 885 03d6 F894      		cli
 886 03d8 DEBF      		out __SP_H__,r29
 887 03da 0FBE      		out __SREG__,__tmp_reg__
 888 03dc CDBF      		out __SP_L__,r28
 889               	/* prologue end (size=10) */
 890 03de 9A83      		std Y+2,r25
 891 03e0 8983      		std Y+1,r24
 117:ledmeter.c    ****     int i;
 118:ledmeter.c    ****     for(i = Nleds; i>=n; i--) {
 893               	.LM60:
 894 03e2 88E0      		ldi r24,lo8(8)
 895 03e4 90E0      		ldi r25,hi8(8)
 896 03e6 9C83      		std Y+4,r25
 897 03e8 8B83      		std Y+3,r24
 898               	.L43:
 900               	.LM61:
 901 03ea 2B81      		ldd r18,Y+3
 902 03ec 3C81      		ldd r19,Y+4
 903 03ee 8981      		ldd r24,Y+1
 904 03f0 9A81      		ldd r25,Y+2
 905 03f2 2817      		cp r18,r24
 906 03f4 3907      		cpc r19,r25
 907 03f6 4CF0      		brlt .L42
 119:ledmeter.c    ****         switch_on_led(i);
 909               	.LM62:
 910 03f8 8B81      		ldd r24,Y+3
 911 03fa 9C81      		ldd r25,Y+4
 912 03fc 14DE      		rcall switch_on_led
 914               	.LM63:
 915 03fe 8B81      		ldd r24,Y+3
 916 0400 9C81      		ldd r25,Y+4
 917 0402 0197      		sbiw r24,1
 918 0404 9C83      		std Y+4,r25
 919 0406 8B83      		std Y+3,r24
 920 0408 F0CF      		rjmp .L43
 921               	.L42:
 922               	/* epilogue: frame size=4 */
 923 040a 2496      		adiw r28,4
 924 040c 0FB6      		in __tmp_reg__,__SREG__
 925 040e F894      		cli
 926 0410 DEBF      		out __SP_H__,r29
 927 0412 0FBE      		out __SREG__,__tmp_reg__
 928 0414 CDBF      		out __SP_L__,r28
 929 0416 DF91      		pop r29
 930 0418 CF91      		pop r28
 931 041a 0895      		ret
 932               	/* epilogue end (size=9) */
 933               	/* function switch_on_max_dels size 41 (22) */
 938               	.Lscope8:
 941               	.global	led_alarm
 943               	led_alarm:
 120:ledmeter.c    ****     }
 121:ledmeter.c    **** }
 122:ledmeter.c    **** 
 123:ledmeter.c    **** /*
 124:ledmeter.c    ****  *
 125:ledmeter.c    ****  */
 126:ledmeter.c    **** void led_alarm(int n) {
 945               	.LM64:
 946               	/* prologue: frame size=16 */
 947 041c CF93      		push r28
 948 041e DF93      		push r29
 949 0420 CDB7      		in r28,__SP_L__
 950 0422 DEB7      		in r29,__SP_H__
 951 0424 6097      		sbiw r28,16
 952 0426 0FB6      		in __tmp_reg__,__SREG__
 953 0428 F894      		cli
 954 042a DEBF      		out __SP_H__,r29
 955 042c 0FBE      		out __SREG__,__tmp_reg__
 956 042e CDBF      		out __SP_L__,r28
 957               	/* prologue end (size=10) */
 958 0430 9A83      		std Y+2,r25
 959 0432 8983      		std Y+1,r24
 127:ledmeter.c    ****     int i;
 128:ledmeter.c    ****     for(i = 1; i<=n; i++) {
 961               	.LM65:
 962 0434 81E0      		ldi r24,lo8(1)
 963 0436 90E0      		ldi r25,hi8(1)
 964 0438 9C83      		std Y+4,r25
 965 043a 8B83      		std Y+3,r24
 966               	.L47:
 968               	.LM66:
 969 043c 2B81      		ldd r18,Y+3
 970 043e 3C81      		ldd r19,Y+4
 971 0440 8981      		ldd r24,Y+1
 972 0442 9A81      		ldd r25,Y+2
 973 0444 8217      		cp r24,r18
 974 0446 9307      		cpc r25,r19
 975 0448 0CF4      		brge .+2
 976 044a 9CC0      		rjmp .L46
 129:ledmeter.c    ****         switch_off_all_leds();
 978               	.LM67:
 979 044c E2DD      		rcall switch_off_all_leds
 980               	.LBB14:
 982               	.Ltext7:
 984               	.LM68:
 985 044e 80E0      		ldi r24,lo8(0x42c80000)
 986 0450 90E0      		ldi r25,hi8(0x42c80000)
 987 0452 A8EC      		ldi r26,hlo8(0x42c80000)
 988 0454 B2E4      		ldi r27,hhi8(0x42c80000)
 989 0456 8D83      		std Y+5,r24
 990 0458 9E83      		std Y+6,r25
 991 045a AF83      		std Y+7,r26
 992 045c B887      		std Y+8,r27
 993               	.LBB15:
 995               	.LM69:
 996 045e 20E0      		ldi r18,lo8(0x437a0000)
 997 0460 30E0      		ldi r19,hi8(0x437a0000)
 998 0462 4AE7      		ldi r20,hlo8(0x437a0000)
 999 0464 53E4      		ldi r21,hhi8(0x437a0000)
 1000 0466 6D81      		ldd r22,Y+5
 1001 0468 7E81      		ldd r23,Y+6
 1002 046a 8F81      		ldd r24,Y+7
 1003 046c 9885      		ldd r25,Y+8
 1004 046e 00D0      		rcall __mulsf3
 1005 0470 DC01      		movw r26,r24
 1006 0472 CB01      		movw r24,r22
 1007 0474 8B87      		std Y+11,r24
 1008 0476 9C87      		std Y+12,r25
 1009 0478 AD87      		std Y+13,r26
 1010 047a BE87      		std Y+14,r27
 1012               	.LM70:
 1013 047c 20E0      		ldi r18,lo8(0x3f800000)
 1014 047e 30E0      		ldi r19,hi8(0x3f800000)
 1015 0480 40E8      		ldi r20,hlo8(0x3f800000)
 1016 0482 5FE3      		ldi r21,hhi8(0x3f800000)
 1017 0484 6B85      		ldd r22,Y+11
 1018 0486 7C85      		ldd r23,Y+12
 1019 0488 8D85      		ldd r24,Y+13
 1020 048a 9E85      		ldd r25,Y+14
 1021 048c 00D0      		rcall __ltsf2
 1022 048e 8823      		tst r24
 1023 0490 0CF0      		brlt .L51
 1024 0492 05C0      		rjmp .L50
 1025               	.L51:
 1027               	.LM71:
 1028 0494 81E0      		ldi r24,lo8(1)
 1029 0496 90E0      		ldi r25,hi8(1)
 1030 0498 9A87      		std Y+10,r25
 1031 049a 8987      		std Y+9,r24
 1032 049c 18C0      		rjmp .L52
 1033               	.L50:
 1035               	.LM72:
 1036 049e 20E0      		ldi r18,lo8(0x477fff00)
 1037 04a0 3FEF      		ldi r19,hi8(0x477fff00)
 1038 04a2 4FE7      		ldi r20,hlo8(0x477fff00)
 1039 04a4 57E4      		ldi r21,hhi8(0x477fff00)
 1040 04a6 6B85      		ldd r22,Y+11
 1041 04a8 7C85      		ldd r23,Y+12
 1042 04aa 8D85      		ldd r24,Y+13
 1043 04ac 9E85      		ldd r25,Y+14
 1044 04ae 00D0      		rcall __gtsf2
 1045 04b0 1816      		cp __zero_reg__,r24
 1046 04b2 0CF0      		brlt .L54
 1047 04b4 03C0      		rjmp .L53
 1048               	.L54:
 1050               	.LM73:
 1051 04b6 1A86      		std Y+10,__zero_reg__
 1052 04b8 1986      		std Y+9,__zero_reg__
 1053 04ba 09C0      		rjmp .L52
 1054               	.L53:
 1056               	.LM74:
 1057 04bc 6B85      		ldd r22,Y+11
 1058 04be 7C85      		ldd r23,Y+12
 1059 04c0 8D85      		ldd r24,Y+13
 1060 04c2 9E85      		ldd r25,Y+14
 1061 04c4 00D0      		rcall __fixunssfsi
 1062 04c6 DC01      		movw r26,r24
 1063 04c8 CB01      		movw r24,r22
 1064 04ca 9A87      		std Y+10,r25
 1065 04cc 8987      		std Y+9,r24
 1066               	.L52:
 1067               	.LBB16:
 1069               	.LM75:
 1070 04ce 8985      		ldd r24,Y+9
 1071 04d0 9A85      		ldd r25,Y+10
 1072 04d2 988B      		std Y+16,r25
 1073 04d4 8F87      		std Y+15,r24
 1074               	.LBB17:
 1076               	.LM76:
 1077 04d6 8F85      		ldd r24,Y+15
 1078 04d8 9889      		ldd r25,Y+16
 1079               	/* #APP */
 1080 04da 0197      		1: sbiw r24,1
 1081 04dc F1F7      		brne 1b
 1082               	/* #NOAPP */
 1083 04de 988B      		std Y+16,r25
 1084 04e0 8F87      		std Y+15,r24
 1085               	.LBE17:
 1086               	.LBE16:
 1087               	.LBE15:
 1088               	.LBE14:
 1090               	.Ltext8:
 130:ledmeter.c    ****         _delay_ms(100);
 131:ledmeter.c    ****         switch_on_all_leds();
 1092               	.LM77:
 1093 04e2 8EDD      		rcall switch_on_all_leds
 1094               	.LBB18:
 1096               	.Ltext9:
 1098               	.LM78:
 1099 04e4 80E0      		ldi r24,lo8(0x42c80000)
 1100 04e6 90E0      		ldi r25,hi8(0x42c80000)
 1101 04e8 A8EC      		ldi r26,hlo8(0x42c80000)
 1102 04ea B2E4      		ldi r27,hhi8(0x42c80000)
 1103 04ec 8B87      		std Y+11,r24
 1104 04ee 9C87      		std Y+12,r25
 1105 04f0 AD87      		std Y+13,r26
 1106 04f2 BE87      		std Y+14,r27
 1107               	.LBB19:
 1109               	.LM79:
 1110 04f4 20E0      		ldi r18,lo8(0x437a0000)
 1111 04f6 30E0      		ldi r19,hi8(0x437a0000)
 1112 04f8 4AE7      		ldi r20,hlo8(0x437a0000)
 1113 04fa 53E4      		ldi r21,hhi8(0x437a0000)
 1114 04fc 6B85      		ldd r22,Y+11
 1115 04fe 7C85      		ldd r23,Y+12
 1116 0500 8D85      		ldd r24,Y+13
 1117 0502 9E85      		ldd r25,Y+14
 1118 0504 00D0      		rcall __mulsf3
 1119 0506 DC01      		movw r26,r24
 1120 0508 CB01      		movw r24,r22
 1121 050a 8D83      		std Y+5,r24
 1122 050c 9E83      		std Y+6,r25
 1123 050e AF83      		std Y+7,r26
 1124 0510 B887      		std Y+8,r27
 1126               	.LM80:
 1127 0512 20E0      		ldi r18,lo8(0x3f800000)
 1128 0514 30E0      		ldi r19,hi8(0x3f800000)
 1129 0516 40E8      		ldi r20,hlo8(0x3f800000)
 1130 0518 5FE3      		ldi r21,hhi8(0x3f800000)
 1131 051a 6D81      		ldd r22,Y+5
 1132 051c 7E81      		ldd r23,Y+6
 1133 051e 8F81      		ldd r24,Y+7
 1134 0520 9885      		ldd r25,Y+8
 1135 0522 00D0      		rcall __ltsf2
 1136 0524 8823      		tst r24
 1137 0526 0CF0      		brlt .L59
 1138 0528 05C0      		rjmp .L58
 1139               	.L59:
 1141               	.LM81:
 1142 052a 81E0      		ldi r24,lo8(1)
 1143 052c 90E0      		ldi r25,hi8(1)
 1144 052e 988B      		std Y+16,r25
 1145 0530 8F87      		std Y+15,r24
 1146 0532 18C0      		rjmp .L60
 1147               	.L58:
 1149               	.LM82:
 1150 0534 20E0      		ldi r18,lo8(0x477fff00)
 1151 0536 3FEF      		ldi r19,hi8(0x477fff00)
 1152 0538 4FE7      		ldi r20,hlo8(0x477fff00)
 1153 053a 57E4      		ldi r21,hhi8(0x477fff00)
 1154 053c 6D81      		ldd r22,Y+5
 1155 053e 7E81      		ldd r23,Y+6
 1156 0540 8F81      		ldd r24,Y+7
 1157 0542 9885      		ldd r25,Y+8
 1158 0544 00D0      		rcall __gtsf2
 1159 0546 1816      		cp __zero_reg__,r24
 1160 0548 0CF0      		brlt .L62
 1161 054a 03C0      		rjmp .L61
 1162               	.L62:
 1164               	.LM83:
 1165 054c 188A      		std Y+16,__zero_reg__
 1166 054e 1F86      		std Y+15,__zero_reg__
 1167 0550 09C0      		rjmp .L60
 1168               	.L61:
 1170               	.LM84:
 1171 0552 6D81      		ldd r22,Y+5
 1172 0554 7E81      		ldd r23,Y+6
 1173 0556 8F81      		ldd r24,Y+7
 1174 0558 9885      		ldd r25,Y+8
 1175 055a 00D0      		rcall __fixunssfsi
 1176 055c DC01      		movw r26,r24
 1177 055e CB01      		movw r24,r22
 1178 0560 988B      		std Y+16,r25
 1179 0562 8F87      		std Y+15,r24
 1180               	.L60:
 1181               	.LBB20:
 1183               	.LM85:
 1184 0564 8F85      		ldd r24,Y+15
 1185 0566 9889      		ldd r25,Y+16
 1186 0568 9A87      		std Y+10,r25
 1187 056a 8987      		std Y+9,r24
 1188               	.LBB21:
 1190               	.LM86:
 1191 056c 8985      		ldd r24,Y+9
 1192 056e 9A85      		ldd r25,Y+10
 1193               	/* #APP */
 1194 0570 0197      		1: sbiw r24,1
 1195 0572 F1F7      		brne 1b
 1196               	/* #NOAPP */
 1197 0574 9A87      		std Y+10,r25
 1198 0576 8987      		std Y+9,r24
 1199               	.LBE21:
 1200               	.LBE20:
 1201               	.LBE19:
 1202               	.LBE18:
 1204               	.Ltext10:
 1206               	.LM87:
 1207 0578 8B81      		ldd r24,Y+3
 1208 057a 9C81      		ldd r25,Y+4
 1209 057c 0196      		adiw r24,1
 1210 057e 9C83      		std Y+4,r25
 1211 0580 8B83      		std Y+3,r24
 1212 0582 5CCF      		rjmp .L47
 1213               	.L46:
 1214               	/* epilogue: frame size=16 */
 1215 0584 6096      		adiw r28,16
 1216 0586 0FB6      		in __tmp_reg__,__SREG__
 1217 0588 F894      		cli
 1218 058a DEBF      		out __SP_H__,r29
 1219 058c 0FBE      		out __SREG__,__tmp_reg__
 1220 058e CDBF      		out __SP_L__,r28
 1221 0590 DF91      		pop r29
 1222 0592 CF91      		pop r28
 1223 0594 0895      		ret
 1224               	/* epilogue end (size=9) */
 1225               	/* function led_alarm size 193 (174) */
 1250               	.Lscope9:
 1253               	.global	show_percent
 1255               	show_percent:
 132:ledmeter.c    ****         _delay_ms(100);
 133:ledmeter.c    ****     }
 134:ledmeter.c    **** }
 135:ledmeter.c    **** 
 136:ledmeter.c    **** /*
 137:ledmeter.c    ****  *
 138:ledmeter.c    ****  */
 139:ledmeter.c    **** void show_percent(double p) {
 1257               	.LM88:
 1258               	/* prologue: frame size=6 */
 1259 0596 CF93      		push r28
 1260 0598 DF93      		push r29
 1261 059a CDB7      		in r28,__SP_L__
 1262 059c DEB7      		in r29,__SP_H__
 1263 059e 2697      		sbiw r28,6
 1264 05a0 0FB6      		in __tmp_reg__,__SREG__
 1265 05a2 F894      		cli
 1266 05a4 DEBF      		out __SP_H__,r29
 1267 05a6 0FBE      		out __SREG__,__tmp_reg__
 1268 05a8 CDBF      		out __SP_L__,r28
 1269               	/* prologue end (size=10) */
 1270 05aa 6983      		std Y+1,r22
 1271 05ac 7A83      		std Y+2,r23
 1272 05ae 8B83      		std Y+3,r24
 1273 05b0 9C83      		std Y+4,r25
 140:ledmeter.c    ****     // p pourcent
 141:ledmeter.c    ****     int n;
 142:ledmeter.c    ****     //n = 4;
 143:ledmeter.c    ****     n = floor(p / 100.0 * Nleds); // TO FIX (math.h ceil floor ...)
 1275               	.LM89:
 1276 05b2 20E0      		ldi r18,lo8(0x42c80000)
 1277 05b4 30E0      		ldi r19,hi8(0x42c80000)
 1278 05b6 48EC      		ldi r20,hlo8(0x42c80000)
 1279 05b8 52E4      		ldi r21,hhi8(0x42c80000)
 1280 05ba 6981      		ldd r22,Y+1
 1281 05bc 7A81      		ldd r23,Y+2
 1282 05be 8B81      		ldd r24,Y+3
 1283 05c0 9C81      		ldd r25,Y+4
 1284 05c2 00D0      		rcall __divsf3
 1285 05c4 DC01      		movw r26,r24
 1286 05c6 CB01      		movw r24,r22
 1287 05c8 20E0      		ldi r18,lo8(0x41000000)
 1288 05ca 30E0      		ldi r19,hi8(0x41000000)
 1289 05cc 40E0      		ldi r20,hlo8(0x41000000)
 1290 05ce 51E4      		ldi r21,hhi8(0x41000000)
 1291 05d0 BC01      		movw r22,r24
 1292 05d2 CD01      		movw r24,r26
 1293 05d4 00D0      		rcall __mulsf3
 1294 05d6 DC01      		movw r26,r24
 1295 05d8 CB01      		movw r24,r22
 1296 05da BC01      		movw r22,r24
 1297 05dc CD01      		movw r24,r26
 1298 05de 00D0      		rcall floor
 1299 05e0 DC01      		movw r26,r24
 1300 05e2 CB01      		movw r24,r22
 1301 05e4 BC01      		movw r22,r24
 1302 05e6 CD01      		movw r24,r26
 1303 05e8 00D0      		rcall __fixsfsi
 1304 05ea DC01      		movw r26,r24
 1305 05ec CB01      		movw r24,r22
 1306 05ee 9E83      		std Y+6,r25
 1307 05f0 8D83      		std Y+5,r24
 144:ledmeter.c    ****     switch_on_min_dels(n);
 1309               	.LM90:
 1310 05f2 8D81      		ldd r24,Y+5
 1311 05f4 9E81      		ldd r25,Y+6
 1312 05f6 BBDE      		rcall switch_on_min_dels
 1313               	/* epilogue: frame size=6 */
 1314 05f8 2696      		adiw r28,6
 1315 05fa 0FB6      		in __tmp_reg__,__SREG__
 1316 05fc F894      		cli
 1317 05fe DEBF      		out __SP_H__,r29
 1318 0600 0FBE      		out __SREG__,__tmp_reg__
 1319 0602 CDBF      		out __SP_L__,r28
 1320 0604 DF91      		pop r29
 1321 0606 CF91      		pop r28
 1322 0608 0895      		ret
 1323               	/* epilogue end (size=9) */
 1324               	/* function show_percent size 58 (39) */
 1329               	.Lscope10:
 1331               	.global	init
 1333               	init:
 145:ledmeter.c    **** }
 146:ledmeter.c    **** 
 147:ledmeter.c    **** /*
 148:ledmeter.c    ****  *  init function
 149:ledmeter.c    ****  */
 150:ledmeter.c    **** void init() {
 1335               	.LM91:
 1336               	/* prologue: frame size=0 */
 1337 060a CF93      		push r28
 1338 060c DF93      		push r29
 1339 060e CDB7      		in r28,__SP_L__
 1340 0610 DEB7      		in r29,__SP_H__
 1341               	/* prologue end (size=4) */
 151:ledmeter.c    ****    // ********
 152:ledmeter.c    ****    // * Dels *
 153:ledmeter.c    ****    // ********
 154:ledmeter.c    ****    DDRD=0xFF; // set up PORTD pins 0 to 7 as output
 1343               	.LM92:
 1344 0612 8FEF      		ldi r24,lo8(-1)
 1345 0614 8093 3100 		sts 49,r24
 155:ledmeter.c    ****    //switch_on_all_leds();
 156:ledmeter.c    ****    switch_off_all_leds();
 1347               	.LM93:
 1348 0618 FCDC      		rcall switch_off_all_leds
 157:ledmeter.c    **** 
 158:ledmeter.c    ****    // *************************************************
 159:ledmeter.c    ****    // * Conv Analog to Digital (CAN for RPM and Temp) *
 160:ledmeter.c    ****    // *************************************************
 161:ledmeter.c    **** 
 162:ledmeter.c    **** /*
 163:ledmeter.c    **** 	ADCSRA |= (_BV(ADEN));   // enable ADC (turn on ADC power)
 164:ledmeter.c    **** 	ADCSRA &= ~(_BV(ADATE)); // default to single sample convert mode
 165:ledmeter.c    **** 
 166:ledmeter.c    ****    //  set default prescaler 0x06 -> CPU clk/64      a2dSetPrescaler(0x06)
 167:ledmeter.c    ****    ADCSRA = (((ADCSRA) & ~0x07) | 0x06); // ADC_PRESCALE_MASK 0x07
 168:ledmeter.c    **** 	
 169:ledmeter.c    ****    //	a2dSetReference(0x01);	// set default reference ADC_REFERENCE=0x01  ADC_REFERENCE_MASK=
 170:ledmeter.c    ****    ADMUX = (((ADMUX) & ~0xC0) | (0x01<<6));
 171:ledmeter.c    **** 	
 172:ledmeter.c    **** 	ADMUX &= ~(_BV(ADLAR));  // set to right-adjusted result
 173:ledmeter.c    ****    ADCSRA |= (_BV(ADIE));   // enable ADC interrupts
 174:ledmeter.c    **** 
 175:ledmeter.c    **** 	a2dCompleteFlag = 0;		// clear conversion complete flag (FALSE=0 TRUE=-1)
 176:ledmeter.c    **** 
 177:ledmeter.c    **** 	__asm__ __volatile__ ("sei" ::);
 178:ledmeter.c    **** */
 179:ledmeter.c    **** 	
 180:ledmeter.c    **** 	// configure a2d port (PORTA) as input
 181:ledmeter.c    **** 	// so we can receive analog signals
 182:ledmeter.c    ****    DDRA=0x00;
 1350               	.LM94:
 1351 061a 1092 3A00 		sts 58,__zero_reg__
 183:ledmeter.c    **** 	// make sure pull-up resistors are turned off
 184:ledmeter.c    **** 	PORTA = 0x00;
 1353               	.LM95:
 1354 061e 1092 3B00 		sts 59,__zero_reg__
 1355               	/* epilogue: frame size=0 */
 1356 0622 DF91      		pop r29
 1357 0624 CF91      		pop r28
 1358 0626 0895      		ret
 1359               	/* epilogue end (size=3) */
 1360               	/* function init size 15 (8) */
 1362               	.Lscope11:
 1365               	.global	adcConvert10bit
 1367               	adcConvert10bit:
 185:ledmeter.c    **** 
 186:ledmeter.c    ****    // ***************
 187:ledmeter.c    ****    // * Graphic LCD *
 188:ledmeter.c    ****    // ***************
 189:ledmeter.c    **** }
 190:ledmeter.c    **** 
 191:ledmeter.c    **** /*
 192:ledmeter.c    ****  * convert from analog to digital (10 bits)
 193:ledmeter.c    ****  */
 194:ledmeter.c    **** unsigned short adcConvert10bit(unsigned char ch)
 195:ledmeter.c    **** {
 1369               	.LM96:
 1370               	/* prologue: frame size=1 */
 1371 0628 CF93      		push r28
 1372 062a DF93      		push r29
 1373 062c CDB7      		in r28,__SP_L__
 1374 062e DEB7      		in r29,__SP_H__
 1375 0630 2197      		sbiw r28,1
 1376 0632 0FB6      		in __tmp_reg__,__SREG__
 1377 0634 F894      		cli
 1378 0636 DEBF      		out __SP_H__,r29
 1379 0638 0FBE      		out __SREG__,__tmp_reg__
 1380 063a CDBF      		out __SP_L__,r28
 1381               	/* prologue end (size=10) */
 1382 063c 8983      		std Y+1,r24
 196:ledmeter.c    **** 	a2dCompleteFlag = 0;				// clear conversion complete flag
 1384               	.LM97:
 1385 063e 1092 0000 		sts a2dCompleteFlag,__zero_reg__
 197:ledmeter.c    **** 	ADMUX = ((ADMUX) & ~0x1F) | (ch & 0x1F);	// set channel ADC_MUX_MASK=0x1F
 1387               	.LM98:
 1388 0642 8091 2700 		lds r24,39
 1389 0646 982F      		mov r25,r24
 1390 0648 907E      		andi r25,lo8(-32)
 1391 064a 8981      		ldd r24,Y+1
 1392 064c 8F71      		andi r24,lo8(31)
 1393 064e 892B      		or r24,r25
 1394 0650 8093 2700 		sts 39,r24
 198:ledmeter.c    **** 	ADCSRA |= (_BV(ADIF)); // clear hardware "conversion complete" flag
 1396               	.LM99:
 1397 0654 8091 2600 		lds r24,38
 1398 0658 8061      		ori r24,lo8(16)
 1399 065a 8093 2600 		sts 38,r24
 199:ledmeter.c    **** 	ADCSRA |= (_BV(ADSC)); // start conversion
 1401               	.LM100:
 1402 065e 8091 2600 		lds r24,38
 1403 0662 8064      		ori r24,lo8(64)
 1404 0664 8093 2600 		sts 38,r24
 1405               	.L69:
 200:ledmeter.c    **** 							
 201:ledmeter.c    **** 	//while(!a2dCompleteFlag);				// wait until conversion complete
 202:ledmeter.c    **** 	//while( bit_is_clear(ADCSR, ADIF) );		// wait until conversion complete
 203:ledmeter.c    **** 	while( bit_is_set(ADCSRA, ADSC) );		// wait until conversion complete
 1407               	.LM101:
 1408 0668 8091 2600 		lds r24,38
 1409 066c 9927      		clr r25
 1410 066e 8074      		andi r24,lo8(64)
 1411 0670 9070      		andi r25,hi8(64)
 1412 0672 0097      		sbiw r24,0
 1413 0674 09F0      		breq .L70
 1414 0676 F8CF      		rjmp .L69
 1415               	.L70:
 204:ledmeter.c    **** 
 205:ledmeter.c    **** 	// CAUTION: MUST READ ADCL BEFORE ADCH!!!
 206:ledmeter.c    **** 	return ((ADCL) | ((ADCH)<<8));	// read ADC (full 10 bits);
 1417               	.LM102:
 1418 0678 8091 2400 		lds r24,36
 1419 067c 282F      		mov r18,r24
 1420 067e 3327      		clr r19
 1421 0680 8091 2500 		lds r24,37
 1422 0684 9927      		clr r25
 1423 0686 982F      		mov r25,r24
 1424 0688 8827      		clr r24
 1425 068a 282B      		or r18,r24
 1426 068c 392B      		or r19,r25
 1427 068e C901      		movw r24,r18
 1428               	/* epilogue: frame size=1 */
 1429 0690 2196      		adiw r28,1
 1430 0692 0FB6      		in __tmp_reg__,__SREG__
 1431 0694 F894      		cli
 1432 0696 DEBF      		out __SP_H__,r29
 1433 0698 0FBE      		out __SREG__,__tmp_reg__
 1434 069a CDBF      		out __SP_L__,r28
 1435 069c DF91      		pop r29
 1436 069e CF91      		pop r28
 1437 06a0 0895      		ret
 1438               	/* epilogue end (size=9) */
 1439               	/* function adcConvert10bit size 61 (42) */
 1441               	.Lscope12:
 1444               	.global	adcConvert8bit
 1446               	adcConvert8bit:
 207:ledmeter.c    **** }
 208:ledmeter.c    **** 
 209:ledmeter.c    **** /*
 210:ledmeter.c    ****  * convert from analog to digital (8 bits)
 211:ledmeter.c    ****  * starts conversion, waits until conversion is done, and returns result
 212:ledmeter.c    ****  */
 213:ledmeter.c    **** unsigned char adcConvert8bit(unsigned char ch)
 214:ledmeter.c    **** {
 1448               	.LM103:
 1449               	/* prologue: frame size=1 */
 1450 06a2 CF93      		push r28
 1451 06a4 DF93      		push r29
 1452 06a6 CDB7      		in r28,__SP_L__
 1453 06a8 DEB7      		in r29,__SP_H__
 1454 06aa 2197      		sbiw r28,1
 1455 06ac 0FB6      		in __tmp_reg__,__SREG__
 1456 06ae F894      		cli
 1457 06b0 DEBF      		out __SP_H__,r29
 1458 06b2 0FBE      		out __SREG__,__tmp_reg__
 1459 06b4 CDBF      		out __SP_L__,r28
 1460               	/* prologue end (size=10) */
 1461 06b6 8983      		std Y+1,r24
 215:ledmeter.c    **** 	// do 10-bit conversion and return highest 8 bits
 216:ledmeter.c    **** 	return adcConvert10bit(ch)>>2;			// return ADC MSB byte
 1463               	.LM104:
 1464 06b8 8981      		ldd r24,Y+1
 1465 06ba B6DF      		rcall adcConvert10bit
 1466 06bc 9695      		lsr r25
 1467 06be 8795      		ror r24
 1468 06c0 9695      		lsr r25
 1469 06c2 8795      		ror r24
 1470 06c4 9927      		clr r25
 1471               	/* epilogue: frame size=1 */
 1472 06c6 2196      		adiw r28,1
 1473 06c8 0FB6      		in __tmp_reg__,__SREG__
 1474 06ca F894      		cli
 1475 06cc DEBF      		out __SP_H__,r29
 1476 06ce 0FBE      		out __SREG__,__tmp_reg__
 1477 06d0 CDBF      		out __SP_L__,r28
 1478 06d2 DF91      		pop r29
 1479 06d4 CF91      		pop r28
 1480 06d6 0895      		ret
 1481               	/* epilogue end (size=9) */
 1482               	/* function adcConvert8bit size 27 (8) */
 1484               	.Lscope13:
 1486               	.global	loop
 1488               	loop:
 217:ledmeter.c    **** }
 218:ledmeter.c    **** 
 219:ledmeter.c    **** /*
 220:ledmeter.c    ****  *  This is the main loop
 221:ledmeter.c    ****  */
 222:ledmeter.c    **** void loop(void) {
 1490               	.LM105:
 1491               	/* prologue: frame size=0 */
 1492 06d8 CF93      		push r28
 1493 06da DF93      		push r29
 1494 06dc CDB7      		in r28,__SP_L__
 1495 06de DEB7      		in r29,__SP_H__
 1496               	/* prologue end (size=4) */
 223:ledmeter.c    ****    show_percent(0x80 * 100 / 0xFF);
 1498               	.LM106:
 1499 06e0 60E0      		ldi r22,lo8(0x42480000)
 1500 06e2 70E0      		ldi r23,hi8(0x42480000)
 1501 06e4 88E4      		ldi r24,hlo8(0x42480000)
 1502 06e6 92E4      		ldi r25,hhi8(0x42480000)
 1503 06e8 56DF      		rcall show_percent
 1504               	/* epilogue: frame size=0 */
 1505 06ea DF91      		pop r29
 1506 06ec CF91      		pop r28
 1507 06ee 0895      		ret
 1508               	/* epilogue end (size=3) */
 1509               	/* function loop size 12 (5) */
 1511               	.Lscope14:
 1513               	.global	main
 1515               	main:
 224:ledmeter.c    ****    //show_percent(adcConvert10bit(0));
 225:ledmeter.c    **** 
 226:ledmeter.c    ****    //show_percent(25);
 227:ledmeter.c    ****    //_delay_ms(500);                                how
 228:ledmeter.c    ****    //show_percent(50);
 229:ledmeter.c    ****    //_delay_ms(500);
 230:ledmeter.c    ****    //show_percent(100);
 231:ledmeter.c    **** 
 232:ledmeter.c    ****    //led_alarm(3);
 233:ledmeter.c    **** 
 234:ledmeter.c    ****    //test_leds();
 235:ledmeter.c    ****    //switch_on_min_dels(5);
 236:ledmeter.c    ****    //switch_on_max_dels(3);
 237:ledmeter.c    **** 
 238:ledmeter.c    **** 	//switch_on_led(3);
 239:ledmeter.c    **** 	//switch_on_led(5);
 240:ledmeter.c    **** 	//switch_on_led(7);	
 241:ledmeter.c    **** 	
 242:ledmeter.c    **** 	//switch_off_led(5);
 243:ledmeter.c    **** }
 244:ledmeter.c    **** 
 245:ledmeter.c    **** 
 246:ledmeter.c    **** /*
 247:ledmeter.c    ****  * Main program
 248:ledmeter.c    ****  */
 249:ledmeter.c    **** int main(void) {
 1517               	.LM107:
 1518               	/* prologue: frame size=0 */
 1519 06f0 C0E0      		ldi r28,lo8(__stack - 0)
 1520 06f2 D0E0      		ldi r29,hi8(__stack - 0)
 1521 06f4 DEBF      		out __SP_H__,r29
 1522 06f6 CDBF      		out __SP_L__,r28
 1523               	/* prologue end (size=4) */
 250:ledmeter.c    ****    init();
 1525               	.LM108:
 1526 06f8 88DF      		rcall init
 1527               	.L74:
 251:ledmeter.c    **** 
 252:ledmeter.c    ****    while(1) {             // Infinite loop; define here the
 253:ledmeter.c    ****       loop();      // system behaviour
 1529               	.LM109:
 1530 06fa EEDF      		rcall loop
 1531 06fc FECF      		rjmp .L74
 1532               	/* epilogue: frame size=0 */
 1533               	/* epilogue: noreturn */
 1534               	/* epilogue end (size=0) */
 1535               	/* function main size 7 (3) */
 1537               	.Lscope15:
 1538               		.comm a2dCompleteFlag,1,1
 1540               		.text
 1542               	Letext:
 1543               	/* File "ledmeter.c": code  905 = 0x0389 ( 664), prologues 130, epilogues 111 */
DEFINED SYMBOLS
                            *ABS*:00000000 ledmeter.c
C:\DOCUME~1\scls\LOCALS~1\Temp/cciOaaaa.s:3      *ABS*:0000003f __SREG__
C:\DOCUME~1\scls\LOCALS~1\Temp/cciOaaaa.s:4      *ABS*:0000003e __SP_H__
C:\DOCUME~1\scls\LOCALS~1\Temp/cciOaaaa.s:5      *ABS*:0000003d __SP_L__
C:\DOCUME~1\scls\LOCALS~1\Temp/cciOaaaa.s:6      *ABS*:00000000 __tmp_reg__
C:\DOCUME~1\scls\LOCALS~1\Temp/cciOaaaa.s:7      *ABS*:00000001 __zero_reg__
C:\DOCUME~1\scls\LOCALS~1\Temp/cciOaaaa.s:76     .text:00000000 switch_on_all_leds
C:\DOCUME~1\scls\LOCALS~1\Temp/cciOaaaa.s:99     .text:00000012 switch_off_all_leds
C:\DOCUME~1\scls\LOCALS~1\Temp/cciOaaaa.s:124    .text:00000026 switch_on_led
C:\DOCUME~1\scls\LOCALS~1\Temp/cciOaaaa.s:190    .text:0000007e switch_off_led
C:\DOCUME~1\scls\LOCALS~1\Temp/cciOaaaa.s:254    .text:000000d2 switch_on_leds_with_delay
C:\DOCUME~1\scls\LOCALS~1\Temp/cciOaaaa.s:444    .text:000001ba switch_off_leds_with_delay
C:\DOCUME~1\scls\LOCALS~1\Temp/cciOaaaa.s:632    .text:000002a0 test_leds
C:\DOCUME~1\scls\LOCALS~1\Temp/cciOaaaa.s:802    .text:0000036e switch_on_min_dels
C:\DOCUME~1\scls\LOCALS~1\Temp/cciOaaaa.s:875    .text:000003ca switch_on_max_dels
C:\DOCUME~1\scls\LOCALS~1\Temp/cciOaaaa.s:943    .text:0000041c led_alarm
C:\DOCUME~1\scls\LOCALS~1\Temp/cciOaaaa.s:1255   .text:00000596 show_percent
C:\DOCUME~1\scls\LOCALS~1\Temp/cciOaaaa.s:1333   .text:0000060a init
C:\DOCUME~1\scls\LOCALS~1\Temp/cciOaaaa.s:1367   .text:00000628 adcConvert10bit
                            *COM*:00000001 a2dCompleteFlag
C:\DOCUME~1\scls\LOCALS~1\Temp/cciOaaaa.s:1446   .text:000006a2 adcConvert8bit
C:\DOCUME~1\scls\LOCALS~1\Temp/cciOaaaa.s:1488   .text:000006d8 loop
C:\DOCUME~1\scls\LOCALS~1\Temp/cciOaaaa.s:1515   .text:000006f0 main
C:\DOCUME~1\scls\LOCALS~1\Temp/cciOaaaa.s:1542   .text:000006fe Letext

UNDEFINED SYMBOLS
__do_copy_data
__do_clear_bss
__mulsf3
__ltsf2
__gtsf2
__fixunssfsi
__divsf3
floor
__fixsfsi
__stack
