Archive member included because of file (symbol)

c:/winavr/bin/../lib/gcc/avr/3.4.6/../../../../avr/lib/avr4\libm.a(addsf3.o)
                              ledmeter.o (__addsf3)
c:/winavr/bin/../lib/gcc/avr/3.4.6/../../../../avr/lib/avr4\libm.a(addsf3x.o)
                              c:/winavr/bin/../lib/gcc/avr/3.4.6/../../../../avr/lib/avr4\libm.a(addsf3.o) (__addsf3x)
c:/winavr/bin/../lib/gcc/avr/3.4.6/../../../../avr/lib/avr4\libm.a(divsf3.o)
                              ledmeter.o (__divsf3)
c:/winavr/bin/../lib/gcc/avr/3.4.6/../../../../avr/lib/avr4\libm.a(divsf3x.o)
                              c:/winavr/bin/../lib/gcc/avr/3.4.6/../../../../avr/lib/avr4\libm.a(divsf3.o) (__divsf3x)
c:/winavr/bin/../lib/gcc/avr/3.4.6/../../../../avr/lib/avr4\libm.a(fixsfsi.o)
                              ledmeter.o (__fixsfsi)
c:/winavr/bin/../lib/gcc/avr/3.4.6/../../../../avr/lib/avr4\libm.a(floatsisf.o)
                              ledmeter.o (__floatsisf)
c:/winavr/bin/../lib/gcc/avr/3.4.6/../../../../avr/lib/avr4\libm.a(floor.o)
                              ledmeter.o (floor)
c:/winavr/bin/../lib/gcc/avr/3.4.6/../../../../avr/lib/avr4\libm.a(fp_cmp.o)
                              ledmeter.o (__ltsf2)
c:/winavr/bin/../lib/gcc/avr/3.4.6/../../../../avr/lib/avr4\libm.a(fp_merge.o)
                              c:/winavr/bin/../lib/gcc/avr/3.4.6/../../../../avr/lib/avr4\libm.a(addsf3.o) (__fp_merge)
c:/winavr/bin/../lib/gcc/avr/3.4.6/../../../../avr/lib/avr4\libm.a(fp_nan.o)
                              c:/winavr/bin/../lib/gcc/avr/3.4.6/../../../../avr/lib/avr4\libm.a(divsf3x.o) (__fp_nanx)
c:/winavr/bin/../lib/gcc/avr/3.4.6/../../../../avr/lib/avr4\libm.a(fp_split.o)
                              c:/winavr/bin/../lib/gcc/avr/3.4.6/../../../../avr/lib/avr4\libm.a(addsf3.o) (__fp_split3)
c:/winavr/bin/../lib/gcc/avr/3.4.6/../../../../avr/lib/avr4\libm.a(fp_zero.o)
                              c:/winavr/bin/../lib/gcc/avr/3.4.6/../../../../avr/lib/avr4\libm.a(fixsfsi.o) (__fp_zero)
c:/winavr/bin/../lib/gcc/avr/3.4.6/../../../../avr/lib/avr4\libm.a(mulsf3.o)
                              ledmeter.o (__mulsf3)
c:/winavr/bin/../lib/gcc/avr/3.4.6/../../../../avr/lib/avr4\libm.a(mulsf3x.o)
                              c:/winavr/bin/../lib/gcc/avr/3.4.6/../../../../avr/lib/avr4\libm.a(mulsf3.o) (__mulsf3x)
C:/WinAVR/lib/gcc/avr/3.4.6/avr4\libgcc.a(_copy_data.o)
                              ledmeter.o (__do_copy_data)
C:/WinAVR/lib/gcc/avr/3.4.6/avr4\libgcc.a(_clear_bss.o)
                              ledmeter.o (__do_clear_bss)

Allocating common symbols
Common symbol       size              file

current_time        0x8               ledmeter.o
best_time           0x8               ledmeter.o
channel             0x2               ledmeter.o
last_time           0x8               ledmeter.o
a2dCompleteFlag     0x1               ledmeter.o
analog_busy         0x2               ledmeter.o
analog_result       0x2               ledmeter.o

Memory Configuration

Name             Origin             Length             Attributes
text             0x00000000         0x00002000         xr
data             0x00800060         0x0000ffa0         rw !x
eeprom           0x00810000         0x00010000         rw !x
*default*        0x00000000         0xffffffff

Linker script and memory map

LOAD c:/winavr/bin/../lib/gcc/avr/3.4.6/../../../../avr/lib/avr4/crtm8535.o
LOAD ledmeter.o
LOAD c:/winavr/bin/../lib/gcc/avr/3.4.6/../../../../avr/lib/avr4\libm.a
LOAD C:/WinAVR/lib/gcc/avr/3.4.6/avr4\libgcc.a
LOAD c:/winavr/bin/../lib/gcc/avr/3.4.6/../../../../avr/lib/avr4\libc.a
LOAD C:/WinAVR/lib/gcc/avr/3.4.6/avr4\libgcc.a

.hash
 *(.hash)

.dynsym
 *(.dynsym)

.dynstr
 *(.dynstr)

.gnu.version
 *(.gnu.version)

.gnu.version_d
 *(.gnu.version_d)

.gnu.version_r
 *(.gnu.version_r)

.rel.init
 *(.rel.init)

.rela.init
 *(.rela.init)

.rel.text
 *(.rel.text)
 *(.rel.text.*)
 *(.rel.gnu.linkonce.t*)

.rela.text
 *(.rela.text)
 *(.rela.text.*)
 *(.rela.gnu.linkonce.t*)

.rel.fini
 *(.rel.fini)

.rela.fini
 *(.rela.fini)

.rel.rodata
 *(.rel.rodata)
 *(.rel.rodata.*)
 *(.rel.gnu.linkonce.r*)

.rela.rodata
 *(.rela.rodata)
 *(.rela.rodata.*)
 *(.rela.gnu.linkonce.r*)

.rel.data
 *(.rel.data)
 *(.rel.data.*)
 *(.rel.gnu.linkonce.d*)

.rela.data
 *(.rela.data)
 *(.rela.data.*)
 *(.rela.gnu.linkonce.d*)

.rel.ctors
 *(.rel.ctors)

.rela.ctors
 *(.rela.ctors)

.rel.dtors
 *(.rel.dtors)

.rela.dtors
 *(.rela.dtors)

.rel.got
 *(.rel.got)

.rela.got
 *(.rela.got)

.rel.bss
 *(.rel.bss)

.rela.bss
 *(.rela.bss)

.rel.plt
 *(.rel.plt)

.rela.plt
 *(.rela.plt)

.text           0x00000000     0x1008
 *(.vectors)
 .vectors       0x00000000       0x2a c:/winavr/bin/../lib/gcc/avr/3.4.6/../../../../avr/lib/avr4/crtm8535.o
                0x00000000                __vectors
                0x00000000                __vector_default
                0x0000002a                __ctors_start = .
 *(.ctors)
                0x0000002a                __ctors_end = .
                0x0000002a                __dtors_start = .
 *(.dtors)
                0x0000002a                __dtors_end = .
 *(.progmem.gcc*)
 *(.progmem*)
                0x0000002a                . = ALIGN (0x2)
 *(.init0)
 *(.init1)
 *(.init2)
 .init2         0x0000002a        0xc c:/winavr/bin/../lib/gcc/avr/3.4.6/../../../../avr/lib/avr4/crtm8535.o
 *(.init3)
 *(.init4)
 .init4         0x00000036       0x16 C:/WinAVR/lib/gcc/avr/3.4.6/avr4\libgcc.a(_copy_data.o)
                0x00000036                __do_copy_data
 .init4         0x0000004c       0x10 C:/WinAVR/lib/gcc/avr/3.4.6/avr4\libgcc.a(_clear_bss.o)
                0x0000004c                __do_clear_bss
 *(.init5)
 *(.init6)
 *(.init7)
 *(.init8)
 *(.init9)
 .init9         0x0000005c        0x2 c:/winavr/bin/../lib/gcc/avr/3.4.6/../../../../avr/lib/avr4/crtm8535.o
 *(.text)
 .text          0x0000005e        0x2 c:/winavr/bin/../lib/gcc/avr/3.4.6/../../../../avr/lib/avr4/crtm8535.o
                0x0000005e                __vector_12
                0x0000005e                __bad_interrupt
                0x0000005e                __vector_6
                0x0000005e                __vector_3
                0x0000005e                __vector_11
                0x0000005e                __vector_13
                0x0000005e                __vector_17
                0x0000005e                __vector_19
                0x0000005e                __vector_7
                0x0000005e                __vector_5
                0x0000005e                __vector_4
                0x0000005e                __vector_9
                0x0000005e                __vector_2
                0x0000005e                __vector_15
                0x0000005e                __vector_8
                0x0000005e                __vector_10
                0x0000005e                __vector_16
                0x0000005e                __vector_18
                0x0000005e                __vector_20
 .text          0x00000060      0xca6 ledmeter.o
                0x0000054e                switch_on_min_dels
                0x000001f2                switch_off_all_leds
                0x00000b30                __vector_1
                0x0000080a                StartStopChronometer
                0x00000ade                adcConvert8bit
                0x00000796                show_percent
                0x00000b14                loop
                0x00000480                test_leds
                0x000005b2                switch_on_max_dels
                0x00000840                TestRunningChronometer
                0x000009a8                init
                0x0000025e                switch_off_led
                0x00000b22                main
                0x000000a6                inc_time
                0x000001e0                switch_on_all_leds
                0x00000206                switch_on_led
                0x0000061c                led_alarm
                0x00000060                init_time
                0x0000039a                switch_off_leds_with_delay
                0x000002b2                switch_on_leds_with_delay
                0x00000b82                __vector_14
                0x00000a64                adcConvert10bit
                0x00000d06                . = ALIGN (0x2)
 *(.text.*)
 .text.fplib    0x00000d06        0xa c:/winavr/bin/../lib/gcc/avr/3.4.6/../../../../avr/lib/avr4\libm.a(addsf3.o)
                0x00000d06                __subsf3
                0x00000d08                __addsf3
 .text.fplib    0x00000d10       0x7c c:/winavr/bin/../lib/gcc/avr/3.4.6/../../../../avr/lib/avr4\libm.a(addsf3x.o)
                0x00000d10                __addsf3x
 .text.fplib    0x00000d8c        0x6 c:/winavr/bin/../lib/gcc/avr/3.4.6/../../../../avr/lib/avr4\libm.a(divsf3.o)
                0x00000d8c                __divsf3
 .text.fplib    0x00000d92       0x86 c:/winavr/bin/../lib/gcc/avr/3.4.6/../../../../avr/lib/avr4\libm.a(divsf3x.o)
                0x00000d92                __divsf3x
 .text.fplib    0x00000e18       0x36 c:/winavr/bin/../lib/gcc/avr/3.4.6/../../../../avr/lib/avr4\libm.a(fixsfsi.o)
                0x00000e18                __fixsfsi
                0x00000e3e                __fp_lneg
                0x00000e18                __fixunssfsi
 .text.fplib    0x00000e4e       0x18 c:/winavr/bin/../lib/gcc/avr/3.4.6/../../../../avr/lib/avr4\libm.a(floatsisf.o)
                0x00000e52                __floatsisf
                0x00000e4e                __floatunssisf
 .text.fplib    0x00000e66       0x32 c:/winavr/bin/../lib/gcc/avr/3.4.6/../../../../avr/lib/avr4\libm.a(floor.o)
                0x00000e66                floor
 .text.fplib    0x00000e98       0x44 c:/winavr/bin/../lib/gcc/avr/3.4.6/../../../../avr/lib/avr4\libm.a(fp_cmp.o)
                0x00000e98                __lesf2
                0x00000e98                __nesf2
                0x00000e9e                __gtsf2
                0x00000e98                __eqsf2
                0x00000ea4                __cmpsf2
                0x00000e98                __ltsf2
                0x00000e9e                __gesf2
 .text.fplib    0x00000edc       0x3a c:/winavr/bin/../lib/gcc/avr/3.4.6/../../../../avr/lib/avr4\libm.a(fp_merge.o)
                0x00000ee6                __fp_merge
 .text.fplib    0x00000f16        0x6 c:/winavr/bin/../lib/gcc/avr/3.4.6/../../../../avr/lib/avr4\libm.a(fp_nan.o)
                0x00000f16                __fp_nanERANGE
                0x00000f16                __fp_nan
                0x00000f16                __fp_nanEDOM
                0x00000f16                __fp_nanx
 .text.fplib    0x00000f1c       0x52 c:/winavr/bin/../lib/gcc/avr/3.4.6/../../../../avr/lib/avr4\libm.a(fp_split.o)
                0x00000f1c                __fp_split3
                0x00000f22                __fp_split2
                0x00000f34                __fp_split1
                0x00000f50                __fp_split_a
 .text.fplib    0x00000f6e        0xa c:/winavr/bin/../lib/gcc/avr/3.4.6/../../../../avr/lib/avr4\libm.a(fp_zero.o)
                0x00000f6e                __fp_zero
                0x00000f74                __fp_zerox
 .text.fplib    0x00000f78        0x6 c:/winavr/bin/../lib/gcc/avr/3.4.6/../../../../avr/lib/avr4\libm.a(mulsf3.o)
                0x00000f78                __mulsf3
 .text.fplib    0x00000f7e       0x8a c:/winavr/bin/../lib/gcc/avr/3.4.6/../../../../avr/lib/avr4\libm.a(mulsf3x.o)
                0x00000f7e                __mulsf3x
                0x00001008                . = ALIGN (0x2)
 *(.fini9)
 *(.fini8)
 *(.fini7)
 *(.fini6)
 *(.fini5)
 *(.fini4)
 *(.fini3)
 *(.fini2)
 *(.fini1)
 *(.fini0)
                0x00001008                _etext = .

.data           0x00800060        0x0 load address 0x00001008
                0x00800060                PROVIDE (__data_start, .)
 *(.data)
 *(.gnu.linkonce.d*)
                0x00800060                . = ALIGN (0x2)
                0x00800060                _edata = .
                0x00800060                PROVIDE (__data_end, .)

.bss            0x00800060       0x24
                0x00800060                PROVIDE (__bss_start, .)
 *(.bss)
 .bss           0x00800060        0x5 ledmeter.o
                0x00800060                running_chronometer
 *(COMMON)
 COMMON         0x00800065       0x1f ledmeter.o
                0x00800065                current_time
                0x0080006d                best_time
                0x00800075                channel
                0x00800077                last_time
                0x0080007f                a2dCompleteFlag
                0x00800080                analog_busy
                0x00800082                analog_result
                0x00800084                PROVIDE (__bss_end, .)
                0x00001008                __data_load_start = LOADADDR (.data)
                0x00001008                __data_load_end = (__data_load_start + SIZEOF (.data))

.noinit         0x00800084        0x0
                0x00800084                PROVIDE (__noinit_start, .)
 *(.noinit*)
                0x00800084                PROVIDE (__noinit_end, .)
                0x00800084                _end = .
                0x00800084                PROVIDE (__heap_start, .)

.eeprom         0x00810000        0x0
 *(.eeprom*)
                0x00810000                __eeprom_end = .

.stab           0x00000000     0x1770
 *(.stab)
 .stab          0x00000000      0x36c c:/winavr/bin/../lib/gcc/avr/3.4.6/../../../../avr/lib/avr4/crtm8535.o
 .stab          0x0000036c     0x1404 ledmeter.o
                               0x1410 (size before relaxing)

.stabstr        0x00000000      0xb01
 *(.stabstr)
 .stabstr       0x00000000      0xb01 c:/winavr/bin/../lib/gcc/avr/3.4.6/../../../../avr/lib/avr4/crtm8535.o

.stab.excl
 *(.stab.excl)

.stab.exclstr
 *(.stab.exclstr)

.stab.index
 *(.stab.index)

.stab.indexstr
 *(.stab.indexstr)

.comment
 *(.comment)

.debug
 *(.debug)

.line
 *(.line)

.debug_srcinfo
 *(.debug_srcinfo)

.debug_sfnames
 *(.debug_sfnames)

.debug_aranges
 *(.debug_aranges)

.debug_pubnames
 *(.debug_pubnames)

.debug_info
 *(.debug_info)
 *(.gnu.linkonce.wi.*)

.debug_abbrev
 *(.debug_abbrev)

.debug_line
 *(.debug_line)

.debug_frame
 *(.debug_frame)

.debug_str
 *(.debug_str)

.debug_loc
 *(.debug_loc)

.debug_macinfo
 *(.debug_macinfo)
OUTPUT(ledmeter.elf elf32-avr)

Cross Reference Table

Symbol                                            File
StartStopChronometer                              ledmeter.o
TestRunningChronometer                            ledmeter.o
__addsf3                                          c:/winavr/bin/../lib/gcc/avr/3.4.6/../../../../avr/lib/avr4\libm.a(addsf3.o)
                                                  ledmeter.o
__addsf3x                                         c:/winavr/bin/../lib/gcc/avr/3.4.6/../../../../avr/lib/avr4\libm.a(addsf3x.o)
                                                  c:/winavr/bin/../lib/gcc/avr/3.4.6/../../../../avr/lib/avr4\libm.a(addsf3.o)
__bad_interrupt                                   c:/winavr/bin/../lib/gcc/avr/3.4.6/../../../../avr/lib/avr4/crtm8535.o
__bss_end                                         C:/WinAVR/lib/gcc/avr/3.4.6/avr4\libgcc.a(_clear_bss.o)
__bss_start                                       C:/WinAVR/lib/gcc/avr/3.4.6/avr4\libgcc.a(_clear_bss.o)
__cmpsf2                                          c:/winavr/bin/../lib/gcc/avr/3.4.6/../../../../avr/lib/avr4\libm.a(fp_cmp.o)
__data_end                                        C:/WinAVR/lib/gcc/avr/3.4.6/avr4\libgcc.a(_copy_data.o)
__data_load_start                                 C:/WinAVR/lib/gcc/avr/3.4.6/avr4\libgcc.a(_copy_data.o)
__data_start                                      C:/WinAVR/lib/gcc/avr/3.4.6/avr4\libgcc.a(_copy_data.o)
__divsf3                                          c:/winavr/bin/../lib/gcc/avr/3.4.6/../../../../avr/lib/avr4\libm.a(divsf3.o)
                                                  ledmeter.o
__divsf3x                                         c:/winavr/bin/../lib/gcc/avr/3.4.6/../../../../avr/lib/avr4\libm.a(divsf3x.o)
                                                  c:/winavr/bin/../lib/gcc/avr/3.4.6/../../../../avr/lib/avr4\libm.a(divsf3.o)
__do_clear_bss                                    C:/WinAVR/lib/gcc/avr/3.4.6/avr4\libgcc.a(_clear_bss.o)
                                                  ledmeter.o
__do_copy_data                                    C:/WinAVR/lib/gcc/avr/3.4.6/avr4\libgcc.a(_copy_data.o)
                                                  ledmeter.o
__eqsf2                                           c:/winavr/bin/../lib/gcc/avr/3.4.6/../../../../avr/lib/avr4\libm.a(fp_cmp.o)
__fixsfsi                                         c:/winavr/bin/../lib/gcc/avr/3.4.6/../../../../avr/lib/avr4\libm.a(fixsfsi.o)
                                                  ledmeter.o
__fixunssfsi                                      c:/winavr/bin/../lib/gcc/avr/3.4.6/../../../../avr/lib/avr4\libm.a(fixsfsi.o)
                                                  ledmeter.o
__floatsisf                                       c:/winavr/bin/../lib/gcc/avr/3.4.6/../../../../avr/lib/avr4\libm.a(floatsisf.o)
                                                  ledmeter.o
__floatunssisf                                    c:/winavr/bin/../lib/gcc/avr/3.4.6/../../../../avr/lib/avr4\libm.a(floatsisf.o)
__fp_lneg                                         c:/winavr/bin/../lib/gcc/avr/3.4.6/../../../../avr/lib/avr4\libm.a(fixsfsi.o)
                                                  c:/winavr/bin/../lib/gcc/avr/3.4.6/../../../../avr/lib/avr4\libm.a(floatsisf.o)
__fp_merge                                        c:/winavr/bin/../lib/gcc/avr/3.4.6/../../../../avr/lib/avr4\libm.a(fp_merge.o)
                                                  c:/winavr/bin/../lib/gcc/avr/3.4.6/../../../../avr/lib/avr4\libm.a(mulsf3.o)
                                                  c:/winavr/bin/../lib/gcc/avr/3.4.6/../../../../avr/lib/avr4\libm.a(floor.o)
                                                  c:/winavr/bin/../lib/gcc/avr/3.4.6/../../../../avr/lib/avr4\libm.a(floatsisf.o)
                                                  c:/winavr/bin/../lib/gcc/avr/3.4.6/../../../../avr/lib/avr4\libm.a(divsf3.o)
                                                  c:/winavr/bin/../lib/gcc/avr/3.4.6/../../../../avr/lib/avr4\libm.a(addsf3.o)
__fp_nan                                          c:/winavr/bin/../lib/gcc/avr/3.4.6/../../../../avr/lib/avr4\libm.a(fp_nan.o)
                                                  c:/winavr/bin/../lib/gcc/avr/3.4.6/../../../../avr/lib/avr4\libm.a(fp_split.o)
__fp_nanEDOM                                      c:/winavr/bin/../lib/gcc/avr/3.4.6/../../../../avr/lib/avr4\libm.a(fp_nan.o)
__fp_nanERANGE                                    c:/winavr/bin/../lib/gcc/avr/3.4.6/../../../../avr/lib/avr4\libm.a(fp_nan.o)
__fp_nanx                                         c:/winavr/bin/../lib/gcc/avr/3.4.6/../../../../avr/lib/avr4\libm.a(fp_nan.o)
                                                  c:/winavr/bin/../lib/gcc/avr/3.4.6/../../../../avr/lib/avr4\libm.a(mulsf3x.o)
                                                  c:/winavr/bin/../lib/gcc/avr/3.4.6/../../../../avr/lib/avr4\libm.a(divsf3x.o)
__fp_split1                                       c:/winavr/bin/../lib/gcc/avr/3.4.6/../../../../avr/lib/avr4\libm.a(fp_split.o)
                                                  c:/winavr/bin/../lib/gcc/avr/3.4.6/../../../../avr/lib/avr4\libm.a(fixsfsi.o)
__fp_split2                                       c:/winavr/bin/../lib/gcc/avr/3.4.6/../../../../avr/lib/avr4\libm.a(fp_split.o)
                                                  c:/winavr/bin/../lib/gcc/avr/3.4.6/../../../../avr/lib/avr4\libm.a(fp_cmp.o)
__fp_split3                                       c:/winavr/bin/../lib/gcc/avr/3.4.6/../../../../avr/lib/avr4\libm.a(fp_split.o)
                                                  c:/winavr/bin/../lib/gcc/avr/3.4.6/../../../../avr/lib/avr4\libm.a(mulsf3.o)
                                                  c:/winavr/bin/../lib/gcc/avr/3.4.6/../../../../avr/lib/avr4\libm.a(divsf3.o)
                                                  c:/winavr/bin/../lib/gcc/avr/3.4.6/../../../../avr/lib/avr4\libm.a(addsf3.o)
__fp_split_a                                      c:/winavr/bin/../lib/gcc/avr/3.4.6/../../../../avr/lib/avr4\libm.a(fp_split.o)
                                                  c:/winavr/bin/../lib/gcc/avr/3.4.6/../../../../avr/lib/avr4\libm.a(floor.o)
__fp_zero                                         c:/winavr/bin/../lib/gcc/avr/3.4.6/../../../../avr/lib/avr4\libm.a(fp_zero.o)
                                                  c:/winavr/bin/../lib/gcc/avr/3.4.6/../../../../avr/lib/avr4\libm.a(fp_merge.o)
                                                  c:/winavr/bin/../lib/gcc/avr/3.4.6/../../../../avr/lib/avr4\libm.a(floor.o)
                                                  c:/winavr/bin/../lib/gcc/avr/3.4.6/../../../../avr/lib/avr4\libm.a(fixsfsi.o)
__fp_zerox                                        c:/winavr/bin/../lib/gcc/avr/3.4.6/../../../../avr/lib/avr4\libm.a(fp_zero.o)
                                                  c:/winavr/bin/../lib/gcc/avr/3.4.6/../../../../avr/lib/avr4\libm.a(mulsf3x.o)
                                                  c:/winavr/bin/../lib/gcc/avr/3.4.6/../../../../avr/lib/avr4\libm.a(divsf3x.o)
                                                  c:/winavr/bin/../lib/gcc/avr/3.4.6/../../../../avr/lib/avr4\libm.a(addsf3x.o)
__gesf2                                           c:/winavr/bin/../lib/gcc/avr/3.4.6/../../../../avr/lib/avr4\libm.a(fp_cmp.o)
__gtsf2                                           c:/winavr/bin/../lib/gcc/avr/3.4.6/../../../../avr/lib/avr4\libm.a(fp_cmp.o)
                                                  ledmeter.o
__heap_end                                        c:/winavr/bin/../lib/gcc/avr/3.4.6/../../../../avr/lib/avr4/crtm8535.o
__init                                            c:/winavr/bin/../lib/gcc/avr/3.4.6/../../../../avr/lib/avr4/crtm8535.o
__lesf2                                           c:/winavr/bin/../lib/gcc/avr/3.4.6/../../../../avr/lib/avr4\libm.a(fp_cmp.o)
__ltsf2                                           c:/winavr/bin/../lib/gcc/avr/3.4.6/../../../../avr/lib/avr4\libm.a(fp_cmp.o)
                                                  ledmeter.o
__mulsf3                                          c:/winavr/bin/../lib/gcc/avr/3.4.6/../../../../avr/lib/avr4\libm.a(mulsf3.o)
                                                  ledmeter.o
__mulsf3x                                         c:/winavr/bin/../lib/gcc/avr/3.4.6/../../../../avr/lib/avr4\libm.a(mulsf3x.o)
                                                  c:/winavr/bin/../lib/gcc/avr/3.4.6/../../../../avr/lib/avr4\libm.a(mulsf3.o)
__nesf2                                           c:/winavr/bin/../lib/gcc/avr/3.4.6/../../../../avr/lib/avr4\libm.a(fp_cmp.o)
__stack                                           c:/winavr/bin/../lib/gcc/avr/3.4.6/../../../../avr/lib/avr4/crtm8535.o
                                                  ledmeter.o
__subsf3                                          c:/winavr/bin/../lib/gcc/avr/3.4.6/../../../../avr/lib/avr4\libm.a(addsf3.o)
__vector_1                                        ledmeter.o
                                                  c:/winavr/bin/../lib/gcc/avr/3.4.6/../../../../avr/lib/avr4/crtm8535.o
__vector_10                                       c:/winavr/bin/../lib/gcc/avr/3.4.6/../../../../avr/lib/avr4/crtm8535.o
__vector_11                                       c:/winavr/bin/../lib/gcc/avr/3.4.6/../../../../avr/lib/avr4/crtm8535.o
__vector_12                                       c:/winavr/bin/../lib/gcc/avr/3.4.6/../../../../avr/lib/avr4/crtm8535.o
__vector_13                                       c:/winavr/bin/../lib/gcc/avr/3.4.6/../../../../avr/lib/avr4/crtm8535.o
__vector_14                                       ledmeter.o
                                                  c:/winavr/bin/../lib/gcc/avr/3.4.6/../../../../avr/lib/avr4/crtm8535.o
__vector_15                                       c:/winavr/bin/../lib/gcc/avr/3.4.6/../../../../avr/lib/avr4/crtm8535.o
__vector_16                                       c:/winavr/bin/../lib/gcc/avr/3.4.6/../../../../avr/lib/avr4/crtm8535.o
__vector_17                                       c:/winavr/bin/../lib/gcc/avr/3.4.6/../../../../avr/lib/avr4/crtm8535.o
__vector_18                                       c:/winavr/bin/../lib/gcc/avr/3.4.6/../../../../avr/lib/avr4/crtm8535.o
__vector_19                                       c:/winavr/bin/../lib/gcc/avr/3.4.6/../../../../avr/lib/avr4/crtm8535.o
__vector_2                                        c:/winavr/bin/../lib/gcc/avr/3.4.6/../../../../avr/lib/avr4/crtm8535.o
__vector_20                                       c:/winavr/bin/../lib/gcc/avr/3.4.6/../../../../avr/lib/avr4/crtm8535.o
__vector_3                                        c:/winavr/bin/../lib/gcc/avr/3.4.6/../../../../avr/lib/avr4/crtm8535.o
__vector_4                                        c:/winavr/bin/../lib/gcc/avr/3.4.6/../../../../avr/lib/avr4/crtm8535.o
__vector_5                                        c:/winavr/bin/../lib/gcc/avr/3.4.6/../../../../avr/lib/avr4/crtm8535.o
__vector_6                                        c:/winavr/bin/../lib/gcc/avr/3.4.6/../../../../avr/lib/avr4/crtm8535.o
__vector_7                                        c:/winavr/bin/../lib/gcc/avr/3.4.6/../../../../avr/lib/avr4/crtm8535.o
__vector_8                                        c:/winavr/bin/../lib/gcc/avr/3.4.6/../../../../avr/lib/avr4/crtm8535.o
__vector_9                                        c:/winavr/bin/../lib/gcc/avr/3.4.6/../../../../avr/lib/avr4/crtm8535.o
__vector_default                                  c:/winavr/bin/../lib/gcc/avr/3.4.6/../../../../avr/lib/avr4/crtm8535.o
__vectors                                         c:/winavr/bin/../lib/gcc/avr/3.4.6/../../../../avr/lib/avr4/crtm8535.o
a2dCompleteFlag                                   ledmeter.o
adcConvert10bit                                   ledmeter.o
adcConvert8bit                                    ledmeter.o
analog_busy                                       ledmeter.o
analog_result                                     ledmeter.o
best_time                                         ledmeter.o
channel                                           ledmeter.o
current_time                                      ledmeter.o
floor                                             c:/winavr/bin/../lib/gcc/avr/3.4.6/../../../../avr/lib/avr4\libm.a(floor.o)
                                                  ledmeter.o
inc_time                                          ledmeter.o
init                                              ledmeter.o
init_time                                         ledmeter.o
last_time                                         ledmeter.o
led_alarm                                         ledmeter.o
loop                                              ledmeter.o
main                                              ledmeter.o
                                                  c:/winavr/bin/../lib/gcc/avr/3.4.6/../../../../avr/lib/avr4/crtm8535.o
running_chronometer                               ledmeter.o
show_percent                                      ledmeter.o
switch_off_all_leds                               ledmeter.o
switch_off_led                                    ledmeter.o
switch_off_leds_with_delay                        ledmeter.o
switch_on_all_leds                                ledmeter.o
switch_on_led                                     ledmeter.o
switch_on_leds_with_delay                         ledmeter.o
switch_on_max_dels                                ledmeter.o
switch_on_min_dels                                ledmeter.o
test_leds                                         ledmeter.o
