Archive member included because of file (symbol)

c:/winavr/bin/../lib/gcc/avr/3.4.6/../../../../avr/lib/avr4\libm.a(addsf3.o)
                              ledmeter.o (__addsf3)
c:/winavr/bin/../lib/gcc/avr/3.4.6/../../../../avr/lib/avr4\libm.a(addsf3x.o)
                              c:/winavr/bin/../lib/gcc/avr/3.4.6/../../../../avr/lib/avr4\libm.a(addsf3.o) (__addsf3x)
c:/winavr/bin/../lib/gcc/avr/3.4.6/../../../../avr/lib/avr4\libm.a(divsf3.o)
                              ledmeter.o (__divsf3)
c:/winavr/bin/../lib/gcc/avr/3.4.6/../../../../avr/lib/avr4\libm.a(divsf3x.o)
                              c:/winavr/bin/../lib/gcc/avr/3.4.6/../../../../avr/lib/avr4\libm.a(divsf3.o) (__divsf3x)
c:/winavr/bin/../lib/gcc/avr/3.4.6/../../../../avr/lib/avr4\libm.a(fixsfsi.o)
                              ledmeter.o (__fixsfsi)
c:/winavr/bin/../lib/gcc/avr/3.4.6/../../../../avr/lib/avr4\libm.a(floatsisf.o)
                              ledmeter.o (__floatsisf)
c:/winavr/bin/../lib/gcc/avr/3.4.6/../../../../avr/lib/avr4\libm.a(floor.o)
                              ledmeter.o (floor)
c:/winavr/bin/../lib/gcc/avr/3.4.6/../../../../avr/lib/avr4\libm.a(fp_cmp.o)
                              ledmeter.o (__ltsf2)
c:/winavr/bin/../lib/gcc/avr/3.4.6/../../../../avr/lib/avr4\libm.a(fp_merge.o)
                              c:/winavr/bin/../lib/gcc/avr/3.4.6/../../../../avr/lib/avr4\libm.a(addsf3.o) (__fp_merge)
c:/winavr/bin/../lib/gcc/avr/3.4.6/../../../../avr/lib/avr4\libm.a(fp_nan.o)
                              c:/winavr/bin/../lib/gcc/avr/3.4.6/../../../../avr/lib/avr4\libm.a(divsf3x.o) (__fp_nanx)
c:/winavr/bin/../lib/gcc/avr/3.4.6/../../../../avr/lib/avr4\libm.a(fp_split.o)
                              c:/winavr/bin/../lib/gcc/avr/3.4.6/../../../../avr/lib/avr4\libm.a(addsf3.o) (__fp_split3)
c:/winavr/bin/../lib/gcc/avr/3.4.6/../../../../avr/lib/avr4\libm.a(fp_zero.o)
                              c:/winavr/bin/../lib/gcc/avr/3.4.6/../../../../avr/lib/avr4\libm.a(fixsfsi.o) (__fp_zero)
c:/winavr/bin/../lib/gcc/avr/3.4.6/../../../../avr/lib/avr4\libm.a(mulsf3.o)
                              ledmeter.o (__mulsf3)
c:/winavr/bin/../lib/gcc/avr/3.4.6/../../../../avr/lib/avr4\libm.a(mulsf3x.o)
                              c:/winavr/bin/../lib/gcc/avr/3.4.6/../../../../avr/lib/avr4\libm.a(mulsf3.o) (__mulsf3x)
C:/WinAVR/lib/gcc/avr/3.4.6/avr4\libgcc.a(_copy_data.o)
                              ledmeter.o (__do_copy_data)
C:/WinAVR/lib/gcc/avr/3.4.6/avr4\libgcc.a(_clear_bss.o)
                              ledmeter.o (__do_clear_bss)

Allocating common symbols
Common symbol       size              file

a2dCompleteFlag     0x1               ledmeter.o

Memory Configuration

Name             Origin             Length             Attributes
text             0x00000000         0x00002000         xr
data             0x00800060         0x0000ffa0         rw !x
eeprom           0x00810000         0x00010000         rw !x
*default*        0x00000000         0xffffffff

Linker script and memory map

LOAD c:/winavr/bin/../lib/gcc/avr/3.4.6/../../../../avr/lib/avr4/crtm8535.o
LOAD ledmeter.o
LOAD c:/winavr/bin/../lib/gcc/avr/3.4.6/../../../../avr/lib/avr4\libm.a
LOAD C:/WinAVR/lib/gcc/avr/3.4.6/avr4\libgcc.a
LOAD c:/winavr/bin/../lib/gcc/avr/3.4.6/../../../../avr/lib/avr4\libc.a
LOAD C:/WinAVR/lib/gcc/avr/3.4.6/avr4\libgcc.a

.hash
 *(.hash)

.dynsym
 *(.dynsym)

.dynstr
 *(.dynstr)

.gnu.version
 *(.gnu.version)

.gnu.version_d
 *(.gnu.version_d)

.gnu.version_r
 *(.gnu.version_r)

.rel.init
 *(.rel.init)

.rela.init
 *(.rela.init)

.rel.text
 *(.rel.text)
 *(.rel.text.*)
 *(.rel.gnu.linkonce.t*)

.rela.text
 *(.rela.text)
 *(.rela.text.*)
 *(.rela.gnu.linkonce.t*)

.rel.fini
 *(.rel.fini)

.rela.fini
 *(.rela.fini)

.rel.rodata
 *(.rel.rodata)
 *(.rel.rodata.*)
 *(.rel.gnu.linkonce.r*)

.rela.rodata
 *(.rela.rodata)
 *(.rela.rodata.*)
 *(.rela.gnu.linkonce.r*)

.rel.data
 *(.rel.data)
 *(.rel.data.*)
 *(.rel.gnu.linkonce.d*)

.rela.data
 *(.rela.data)
 *(.rela.data.*)
 *(.rela.gnu.linkonce.d*)

.rel.ctors
 *(.rel.ctors)

.rela.ctors
 *(.rela.ctors)

.rel.dtors
 *(.rel.dtors)

.rela.dtors
 *(.rela.dtors)

.rel.got
 *(.rel.got)

.rela.got
 *(.rela.got)

.rel.bss
 *(.rel.bss)

.rela.bss
 *(.rela.bss)

.rel.plt
 *(.rel.plt)

.rela.plt
 *(.rela.plt)

.text           0x00000000      0xb9e
 *(.vectors)
 .vectors       0x00000000       0x2a c:/winavr/bin/../lib/gcc/avr/3.4.6/../../../../avr/lib/avr4/crtm8535.o
                0x00000000                __vectors
                0x00000000                __vector_default
                0x0000002a                __ctors_start = .
 *(.ctors)
                0x0000002a                __ctors_end = .
                0x0000002a                __dtors_start = .
 *(.dtors)
                0x0000002a                __dtors_end = .
 *(.progmem.gcc*)
 *(.progmem*)
                0x0000002a                . = ALIGN (0x2)
 *(.init0)
 *(.init1)
 *(.init2)
 .init2         0x0000002a        0xc c:/winavr/bin/../lib/gcc/avr/3.4.6/../../../../avr/lib/avr4/crtm8535.o
 *(.init3)
 *(.init4)
 .init4         0x00000036       0x16 C:/WinAVR/lib/gcc/avr/3.4.6/avr4\libgcc.a(_copy_data.o)
                0x00000036                __do_copy_data
 .init4         0x0000004c       0x10 C:/WinAVR/lib/gcc/avr/3.4.6/avr4\libgcc.a(_clear_bss.o)
                0x0000004c                __do_clear_bss
 *(.init5)
 *(.init6)
 *(.init7)
 *(.init8)
 *(.init9)
 .init9         0x0000005c        0x2 c:/winavr/bin/../lib/gcc/avr/3.4.6/../../../../avr/lib/avr4/crtm8535.o
 *(.text)
 .text          0x0000005e        0x2 c:/winavr/bin/../lib/gcc/avr/3.4.6/../../../../avr/lib/avr4/crtm8535.o
                0x0000005e                __vector_12
                0x0000005e                __bad_interrupt
                0x0000005e                __vector_6
                0x0000005e                __vector_3
                0x0000005e                __vector_11
                0x0000005e                __vector_13
                0x0000005e                __vector_17
                0x0000005e                __vector_19
                0x0000005e                __vector_7
                0x0000005e                __vector_5
                0x0000005e                __vector_4
                0x0000005e                __vector_9
                0x0000005e                __vector_2
                0x0000005e                __vector_15
                0x0000005e                __vector_8
                0x0000005e                __vector_14
                0x0000005e                __vector_10
                0x0000005e                __vector_16
                0x0000005e                __vector_18
                0x0000005e                __vector_20
 .text          0x00000060      0x83c ledmeter.o
                0x000003ce                switch_on_min_dels
                0x00000072                switch_off_all_leds
                0x0000069e                __vector_1
                0x0000068a                StartStopChronometer
                0x000007e2                adcConvert8bit
                0x00000616                show_percent
                0x00000818                loop
                0x00000300                test_leds
                0x00000432                switch_on_max_dels
                0x000006f0                init
                0x000000de                switch_off_led
                0x0000088e                main
                0x00000060                switch_on_all_leds
                0x00000086                switch_on_led
                0x0000049c                led_alarm
                0x0000021a                switch_off_leds_with_delay
                0x00000132                switch_on_leds_with_delay
                0x00000768                adcConvert10bit
                0x0000089c                . = ALIGN (0x2)
 *(.text.*)
 .text.fplib    0x0000089c        0xa c:/winavr/bin/../lib/gcc/avr/3.4.6/../../../../avr/lib/avr4\libm.a(addsf3.o)
                0x0000089c                __subsf3
                0x0000089e                __addsf3
 .text.fplib    0x000008a6       0x7c c:/winavr/bin/../lib/gcc/avr/3.4.6/../../../../avr/lib/avr4\libm.a(addsf3x.o)
                0x000008a6                __addsf3x
 .text.fplib    0x00000922        0x6 c:/winavr/bin/../lib/gcc/avr/3.4.6/../../../../avr/lib/avr4\libm.a(divsf3.o)
                0x00000922                __divsf3
 .text.fplib    0x00000928       0x86 c:/winavr/bin/../lib/gcc/avr/3.4.6/../../../../avr/lib/avr4\libm.a(divsf3x.o)
                0x00000928                __divsf3x
 .text.fplib    0x000009ae       0x36 c:/winavr/bin/../lib/gcc/avr/3.4.6/../../../../avr/lib/avr4\libm.a(fixsfsi.o)
                0x000009ae                __fixsfsi
                0x000009d4                __fp_lneg
                0x000009ae                __fixunssfsi
 .text.fplib    0x000009e4       0x18 c:/winavr/bin/../lib/gcc/avr/3.4.6/../../../../avr/lib/avr4\libm.a(floatsisf.o)
                0x000009e8                __floatsisf
                0x000009e4                __floatunssisf
 .text.fplib    0x000009fc       0x32 c:/winavr/bin/../lib/gcc/avr/3.4.6/../../../../avr/lib/avr4\libm.a(floor.o)
                0x000009fc                floor
 .text.fplib    0x00000a2e       0x44 c:/winavr/bin/../lib/gcc/avr/3.4.6/../../../../avr/lib/avr4\libm.a(fp_cmp.o)
                0x00000a2e                __lesf2
                0x00000a2e                __nesf2
                0x00000a34                __gtsf2
                0x00000a2e                __eqsf2
                0x00000a3a                __cmpsf2
                0x00000a2e                __ltsf2
                0x00000a34                __gesf2
 .text.fplib    0x00000a72       0x3a c:/winavr/bin/../lib/gcc/avr/3.4.6/../../../../avr/lib/avr4\libm.a(fp_merge.o)
                0x00000a7c                __fp_merge
 .text.fplib    0x00000aac        0x6 c:/winavr/bin/../lib/gcc/avr/3.4.6/../../../../avr/lib/avr4\libm.a(fp_nan.o)
                0x00000aac                __fp_nanERANGE
                0x00000aac                __fp_nan
                0x00000aac                __fp_nanEDOM
                0x00000aac                __fp_nanx
 .text.fplib    0x00000ab2       0x52 c:/winavr/bin/../lib/gcc/avr/3.4.6/../../../../avr/lib/avr4\libm.a(fp_split.o)
                0x00000ab2                __fp_split3
                0x00000ab8                __fp_split2
                0x00000aca                __fp_split1
                0x00000ae6                __fp_split_a
 .text.fplib    0x00000b04        0xa c:/winavr/bin/../lib/gcc/avr/3.4.6/../../../../avr/lib/avr4\libm.a(fp_zero.o)
                0x00000b04                __fp_zero
                0x00000b0a                __fp_zerox
 .text.fplib    0x00000b0e        0x6 c:/winavr/bin/../lib/gcc/avr/3.4.6/../../../../avr/lib/avr4\libm.a(mulsf3.o)
                0x00000b0e                __mulsf3
 .text.fplib    0x00000b14       0x8a c:/winavr/bin/../lib/gcc/avr/3.4.6/../../../../avr/lib/avr4\libm.a(mulsf3x.o)
                0x00000b14                __mulsf3x
                0x00000b9e                . = ALIGN (0x2)
 *(.fini9)
 *(.fini8)
 *(.fini7)
 *(.fini6)
 *(.fini5)
 *(.fini4)
 *(.fini3)
 *(.fini2)
 *(.fini1)
 *(.fini0)
                0x00000b9e                _etext = .

.data           0x00800060        0x0 load address 0x00000b9e
                0x00800060                PROVIDE (__data_start, .)
 *(.data)
 *(.gnu.linkonce.d*)
                0x00800060                . = ALIGN (0x2)
                0x00800060                _edata = .
                0x00800060                PROVIDE (__data_end, .)

.bss            0x00800060        0x1
                0x00800060                PROVIDE (__bss_start, .)
 *(.bss)
 *(COMMON)
 COMMON         0x00800060        0x1 ledmeter.o
                0x00800060                a2dCompleteFlag
                0x00800061                PROVIDE (__bss_end, .)
                0x00000b9e                __data_load_start = LOADADDR (.data)
                0x00000b9e                __data_load_end = (__data_load_start + SIZEOF (.data))

.noinit         0x00800061        0x0
                0x00800061                PROVIDE (__noinit_start, .)
 *(.noinit*)
                0x00800061                PROVIDE (__noinit_end, .)
                0x00800061                _end = .
                0x00800061                PROVIDE (__heap_start, .)

.eeprom         0x00810000        0x0
 *(.eeprom*)
                0x00810000                __eeprom_end = .

.stab           0x00000000     0x11c4
 *(.stab)
 .stab          0x00000000      0x36c c:/winavr/bin/../lib/gcc/avr/3.4.6/../../../../avr/lib/avr4/crtm8535.o
 .stab          0x0000036c      0xe58 ledmeter.o
                                0xe64 (size before relaxing)

.stabstr        0x00000000      0x964
 *(.stabstr)
 .stabstr       0x00000000      0x964 c:/winavr/bin/../lib/gcc/avr/3.4.6/../../../../avr/lib/avr4/crtm8535.o

.stab.excl
 *(.stab.excl)

.stab.exclstr
 *(.stab.exclstr)

.stab.index
 *(.stab.index)

.stab.indexstr
 *(.stab.indexstr)

.comment
 *(.comment)

.debug
 *(.debug)

.line
 *(.line)

.debug_srcinfo
 *(.debug_srcinfo)

.debug_sfnames
 *(.debug_sfnames)

.debug_aranges
 *(.debug_aranges)

.debug_pubnames
 *(.debug_pubnames)

.debug_info
 *(.debug_info)
 *(.gnu.linkonce.wi.*)

.debug_abbrev
 *(.debug_abbrev)

.debug_line
 *(.debug_line)

.debug_frame
 *(.debug_frame)

.debug_str
 *(.debug_str)

.debug_loc
 *(.debug_loc)

.debug_macinfo
 *(.debug_macinfo)
OUTPUT(ledmeter.elf elf32-avr)

Cross Reference Table

Symbol                                            File
StartStopChronometer                              ledmeter.o
__addsf3                                          c:/winavr/bin/../lib/gcc/avr/3.4.6/../../../../avr/lib/avr4\libm.a(addsf3.o)
                                                  ledmeter.o
__addsf3x                                         c:/winavr/bin/../lib/gcc/avr/3.4.6/../../../../avr/lib/avr4\libm.a(addsf3x.o)
                                                  c:/winavr/bin/../lib/gcc/avr/3.4.6/../../../../avr/lib/avr4\libm.a(addsf3.o)
__bad_interrupt                                   c:/winavr/bin/../lib/gcc/avr/3.4.6/../../../../avr/lib/avr4/crtm8535.o
__bss_end                                         C:/WinAVR/lib/gcc/avr/3.4.6/avr4\libgcc.a(_clear_bss.o)
__bss_start                                       C:/WinAVR/lib/gcc/avr/3.4.6/avr4\libgcc.a(_clear_bss.o)
__cmpsf2                                          c:/winavr/bin/../lib/gcc/avr/3.4.6/../../../../avr/lib/avr4\libm.a(fp_cmp.o)
__data_end                                        C:/WinAVR/lib/gcc/avr/3.4.6/avr4\libgcc.a(_copy_data.o)
__data_load_start                                 C:/WinAVR/lib/gcc/avr/3.4.6/avr4\libgcc.a(_copy_data.o)
__data_start                                      C:/WinAVR/lib/gcc/avr/3.4.6/avr4\libgcc.a(_copy_data.o)
__divsf3                                          c:/winavr/bin/../lib/gcc/avr/3.4.6/../../../../avr/lib/avr4\libm.a(divsf3.o)
                                                  ledmeter.o
__divsf3x                                         c:/winavr/bin/../lib/gcc/avr/3.4.6/../../../../avr/lib/avr4\libm.a(divsf3x.o)
                                                  c:/winavr/bin/../lib/gcc/avr/3.4.6/../../../../avr/lib/avr4\libm.a(divsf3.o)
__do_clear_bss                                    C:/WinAVR/lib/gcc/avr/3.4.6/avr4\libgcc.a(_clear_bss.o)
                                                  ledmeter.o
__do_copy_data                                    C:/WinAVR/lib/gcc/avr/3.4.6/avr4\libgcc.a(_copy_data.o)
                                                  ledmeter.o
__eqsf2                                           c:/winavr/bin/../lib/gcc/avr/3.4.6/../../../../avr/lib/avr4\libm.a(fp_cmp.o)
__fixsfsi                                         c:/winavr/bin/../lib/gcc/avr/3.4.6/../../../../avr/lib/avr4\libm.a(fixsfsi.o)
                                                  ledmeter.o
__fixunssfsi                                      c:/winavr/bin/../lib/gcc/avr/3.4.6/../../../../avr/lib/avr4\libm.a(fixsfsi.o)
                                                  ledmeter.o
__floatsisf                                       c:/winavr/bin/../lib/gcc/avr/3.4.6/../../../../avr/lib/avr4\libm.a(floatsisf.o)
                                                  ledmeter.o
__floatunssisf                                    c:/winavr/bin/../lib/gcc/avr/3.4.6/../../../../avr/lib/avr4\libm.a(floatsisf.o)
__fp_lneg                                         c:/winavr/bin/../lib/gcc/avr/3.4.6/../../../../avr/lib/avr4\libm.a(fixsfsi.o)
                                                  c:/winavr/bin/../lib/gcc/avr/3.4.6/../../../../avr/lib/avr4\libm.a(floatsisf.o)
__fp_merge                                        c:/winavr/bin/../lib/gcc/avr/3.4.6/../../../../avr/lib/avr4\libm.a(fp_merge.o)
                                                  c:/winavr/bin/../lib/gcc/avr/3.4.6/../../../../avr/lib/avr4\libm.a(mulsf3.o)
                                                  c:/winavr/bin/../lib/gcc/avr/3.4.6/../../../../avr/lib/avr4\libm.a(floor.o)
                                                  c:/winavr/bin/../lib/gcc/avr/3.4.6/../../../../avr/lib/avr4\libm.a(floatsisf.o)
                                                  c:/winavr/bin/../lib/gcc/avr/3.4.6/../../../../avr/lib/avr4\libm.a(divsf3.o)
                                                  c:/winavr/bin/../lib/gcc/avr/3.4.6/../../../../avr/lib/avr4\libm.a(addsf3.o)
__fp_nan                                          c:/winavr/bin/../lib/gcc/avr/3.4.6/../../../../avr/lib/avr4\libm.a(fp_nan.o)
                                                  c:/winavr/bin/../lib/gcc/avr/3.4.6/../../../../avr/lib/avr4\libm.a(fp_split.o)
__fp_nanEDOM                                      c:/winavr/bin/../lib/gcc/avr/3.4.6/../../../../avr/lib/avr4\libm.a(fp_nan.o)
__fp_nanERANGE                                    c:/winavr/bin/../lib/gcc/avr/3.4.6/../../../../avr/lib/avr4\libm.a(fp_nan.o)
__fp_nanx                                         c:/winavr/bin/../lib/gcc/avr/3.4.6/../../../../avr/lib/avr4\libm.a(fp_nan.o)
                                                  c:/winavr/bin/../lib/gcc/avr/3.4.6/../../../../avr/lib/avr4\libm.a(mulsf3x.o)
                                                  c:/winavr/bin/../lib/gcc/avr/3.4.6/../../../../avr/lib/avr4\libm.a(divsf3x.o)
__fp_split1                                       c:/winavr/bin/../lib/gcc/avr/3.4.6/../../../../avr/lib/avr4\libm.a(fp_split.o)
                                                  c:/winavr/bin/../lib/gcc/avr/3.4.6/../../../../avr/lib/avr4\libm.a(fixsfsi.o)
__fp_split2                                       c:/winavr/bin/../lib/gcc/avr/3.4.6/../../../../avr/lib/avr4\libm.a(fp_split.o)
                                                  c:/winavr/bin/../lib/gcc/avr/3.4.6/../../../../avr/lib/avr4\libm.a(fp_cmp.o)
__fp_split3                                       c:/winavr/bin/../lib/gcc/avr/3.4.6/../../../../avr/lib/avr4\libm.a(fp_split.o)
                                                  c:/winavr/bin/../lib/gcc/avr/3.4.6/../../../../avr/lib/avr4\libm.a(mulsf3.o)
                                                  c:/winavr/bin/../lib/gcc/avr/3.4.6/../../../../avr/lib/avr4\libm.a(divsf3.o)
                                                  c:/winavr/bin/../lib/gcc/avr/3.4.6/../../../../avr/lib/avr4\libm.a(addsf3.o)
__fp_split_a                                      c:/winavr/bin/../lib/gcc/avr/3.4.6/../../../../avr/lib/avr4\libm.a(fp_split.o)
                                                  c:/winavr/bin/../lib/gcc/avr/3.4.6/../../../../avr/lib/avr4\libm.a(floor.o)
__fp_zero                                         c:/winavr/bin/../lib/gcc/avr/3.4.6/../../../../avr/lib/avr4\libm.a(fp_zero.o)
                                                  c:/winavr/bin/../lib/gcc/avr/3.4.6/../../../../avr/lib/avr4\libm.a(fp_merge.o)
                                                  c:/winavr/bin/../lib/gcc/avr/3.4.6/../../../../avr/lib/avr4\libm.a(floor.o)
                                                  c:/winavr/bin/../lib/gcc/avr/3.4.6/../../../../avr/lib/avr4\libm.a(fixsfsi.o)
__fp_zerox                                        c:/winavr/bin/../lib/gcc/avr/3.4.6/../../../../avr/lib/avr4\libm.a(fp_zero.o)
                                                  c:/winavr/bin/../lib/gcc/avr/3.4.6/../../../../avr/lib/avr4\libm.a(mulsf3x.o)
                                                  c:/winavr/bin/../lib/gcc/avr/3.4.6/../../../../avr/lib/avr4\libm.a(divsf3x.o)
                                                  c:/winavr/bin/../lib/gcc/avr/3.4.6/../../../../avr/lib/avr4\libm.a(addsf3x.o)
__gesf2                                           c:/winavr/bin/../lib/gcc/avr/3.4.6/../../../../avr/lib/avr4\libm.a(fp_cmp.o)
__gtsf2                                           c:/winavr/bin/../lib/gcc/avr/3.4.6/../../../../avr/lib/avr4\libm.a(fp_cmp.o)
                                                  ledmeter.o
__heap_end                                        c:/winavr/bin/../lib/gcc/avr/3.4.6/../../../../avr/lib/avr4/crtm8535.o
__init                                            c:/winavr/bin/../lib/gcc/avr/3.4.6/../../../../avr/lib/avr4/crtm8535.o
__lesf2                                           c:/winavr/bin/../lib/gcc/avr/3.4.6/../../../../avr/lib/avr4\libm.a(fp_cmp.o)
__ltsf2                                           c:/winavr/bin/../lib/gcc/avr/3.4.6/../../../../avr/lib/avr4\libm.a(fp_cmp.o)
                                                  ledmeter.o
__mulsf3                                          c:/winavr/bin/../lib/gcc/avr/3.4.6/../../../../avr/lib/avr4\libm.a(mulsf3.o)
                                                  ledmeter.o
__mulsf3x                                         c:/winavr/bin/../lib/gcc/avr/3.4.6/../../../../avr/lib/avr4\libm.a(mulsf3x.o)
                                                  c:/winavr/bin/../lib/gcc/avr/3.4.6/../../../../avr/lib/avr4\libm.a(mulsf3.o)
__nesf2                                           c:/winavr/bin/../lib/gcc/avr/3.4.6/../../../../avr/lib/avr4\libm.a(fp_cmp.o)
__stack                                           c:/winavr/bin/../lib/gcc/avr/3.4.6/../../../../avr/lib/avr4/crtm8535.o
                                                  ledmeter.o
__subsf3                                          c:/winavr/bin/../lib/gcc/avr/3.4.6/../../../../avr/lib/avr4\libm.a(addsf3.o)
__vector_1                                        ledmeter.o
                                                  c:/winavr/bin/../lib/gcc/avr/3.4.6/../../../../avr/lib/avr4/crtm8535.o
__vector_10                                       c:/winavr/bin/../lib/gcc/avr/3.4.6/../../../../avr/lib/avr4/crtm8535.o
__vector_11                                       c:/winavr/bin/../lib/gcc/avr/3.4.6/../../../../avr/lib/avr4/crtm8535.o
__vector_12                                       c:/winavr/bin/../lib/gcc/avr/3.4.6/../../../../avr/lib/avr4/crtm8535.o
__vector_13                                       c:/winavr/bin/../lib/gcc/avr/3.4.6/../../../../avr/lib/avr4/crtm8535.o
__vector_14                                       c:/winavr/bin/../lib/gcc/avr/3.4.6/../../../../avr/lib/avr4/crtm8535.o
__vector_15                                       c:/winavr/bin/../lib/gcc/avr/3.4.6/../../../../avr/lib/avr4/crtm8535.o
__vector_16                                       c:/winavr/bin/../lib/gcc/avr/3.4.6/../../../../avr/lib/avr4/crtm8535.o
__vector_17                                       c:/winavr/bin/../lib/gcc/avr/3.4.6/../../../../avr/lib/avr4/crtm8535.o
__vector_18                                       c:/winavr/bin/../lib/gcc/avr/3.4.6/../../../../avr/lib/avr4/crtm8535.o
__vector_19                                       c:/winavr/bin/../lib/gcc/avr/3.4.6/../../../../avr/lib/avr4/crtm8535.o
__vector_2                                        c:/winavr/bin/../lib/gcc/avr/3.4.6/../../../../avr/lib/avr4/crtm8535.o
__vector_20                                       c:/winavr/bin/../lib/gcc/avr/3.4.6/../../../../avr/lib/avr4/crtm8535.o
__vector_3                                        c:/winavr/bin/../lib/gcc/avr/3.4.6/../../../../avr/lib/avr4/crtm8535.o
__vector_4                                        c:/winavr/bin/../lib/gcc/avr/3.4.6/../../../../avr/lib/avr4/crtm8535.o
__vector_5                                        c:/winavr/bin/../lib/gcc/avr/3.4.6/../../../../avr/lib/avr4/crtm8535.o
__vector_6                                        c:/winavr/bin/../lib/gcc/avr/3.4.6/../../../../avr/lib/avr4/crtm8535.o
__vector_7                                        c:/winavr/bin/../lib/gcc/avr/3.4.6/../../../../avr/lib/avr4/crtm8535.o
__vector_8                                        c:/winavr/bin/../lib/gcc/avr/3.4.6/../../../../avr/lib/avr4/crtm8535.o
__vector_9                                        c:/winavr/bin/../lib/gcc/avr/3.4.6/../../../../avr/lib/avr4/crtm8535.o
__vector_default                                  c:/winavr/bin/../lib/gcc/avr/3.4.6/../../../../avr/lib/avr4/crtm8535.o
__vectors                                         c:/winavr/bin/../lib/gcc/avr/3.4.6/../../../../avr/lib/avr4/crtm8535.o
a2dCompleteFlag                                   ledmeter.o
adcConvert10bit                                   ledmeter.o
adcConvert8bit                                    ledmeter.o
floor                                             c:/winavr/bin/../lib/gcc/avr/3.4.6/../../../../avr/lib/avr4\libm.a(floor.o)
                                                  ledmeter.o
init                                              ledmeter.o
led_alarm                                         ledmeter.o
loop                                              ledmeter.o
main                                              ledmeter.o
                                                  c:/winavr/bin/../lib/gcc/avr/3.4.6/../../../../avr/lib/avr4/crtm8535.o
show_percent                                      ledmeter.o
switch_off_all_leds                               ledmeter.o
switch_off_led                                    ledmeter.o
switch_off_leds_with_delay                        ledmeter.o
switch_on_all_leds                                ledmeter.o
switch_on_led                                     ledmeter.o
switch_on_leds_with_delay                         ledmeter.o
switch_on_max_dels                                ledmeter.o
switch_on_min_dels                                ledmeter.o
test_leds                                         ledmeter.o
