Archive member included because of file (symbol)

c:/winavr/bin/../lib/gcc/avr/3.4.6/../../../../avr/lib/avr4\libm.a(addsf3.o)
                              ledmeter.o (__addsf3)
c:/winavr/bin/../lib/gcc/avr/3.4.6/../../../../avr/lib/avr4\libm.a(addsf3x.o)
                              c:/winavr/bin/../lib/gcc/avr/3.4.6/../../../../avr/lib/avr4\libm.a(addsf3.o) (__addsf3x)
c:/winavr/bin/../lib/gcc/avr/3.4.6/../../../../avr/lib/avr4\libm.a(divsf3.o)
                              ledmeter.o (__divsf3)
c:/winavr/bin/../lib/gcc/avr/3.4.6/../../../../avr/lib/avr4\libm.a(divsf3x.o)
                              c:/winavr/bin/../lib/gcc/avr/3.4.6/../../../../avr/lib/avr4\libm.a(divsf3.o) (__divsf3x)
c:/winavr/bin/../lib/gcc/avr/3.4.6/../../../../avr/lib/avr4\libm.a(fixsfsi.o)
                              ledmeter.o (__fixunssfsi)
c:/winavr/bin/../lib/gcc/avr/3.4.6/../../../../avr/lib/avr4\libm.a(floatsisf.o)
                              ledmeter.o (__floatsisf)
c:/winavr/bin/../lib/gcc/avr/3.4.6/../../../../avr/lib/avr4\libm.a(floor.o)
                              ledmeter.o (floor)
c:/winavr/bin/../lib/gcc/avr/3.4.6/../../../../avr/lib/avr4\libm.a(fp_cmp.o)
                              ledmeter.o (__ltsf2)
c:/winavr/bin/../lib/gcc/avr/3.4.6/../../../../avr/lib/avr4\libm.a(fp_merge.o)
                              c:/winavr/bin/../lib/gcc/avr/3.4.6/../../../../avr/lib/avr4\libm.a(addsf3.o) (__fp_merge)
c:/winavr/bin/../lib/gcc/avr/3.4.6/../../../../avr/lib/avr4\libm.a(fp_nan.o)
                              c:/winavr/bin/../lib/gcc/avr/3.4.6/../../../../avr/lib/avr4\libm.a(divsf3x.o) (__fp_nanx)
c:/winavr/bin/../lib/gcc/avr/3.4.6/../../../../avr/lib/avr4\libm.a(fp_split.o)
                              c:/winavr/bin/../lib/gcc/avr/3.4.6/../../../../avr/lib/avr4\libm.a(addsf3.o) (__fp_split3)
c:/winavr/bin/../lib/gcc/avr/3.4.6/../../../../avr/lib/avr4\libm.a(fp_zero.o)
                              c:/winavr/bin/../lib/gcc/avr/3.4.6/../../../../avr/lib/avr4\libm.a(fixsfsi.o) (__fp_zero)
c:/winavr/bin/../lib/gcc/avr/3.4.6/../../../../avr/lib/avr4\libm.a(mulsf3.o)
                              ledmeter.o (__mulsf3)
c:/winavr/bin/../lib/gcc/avr/3.4.6/../../../../avr/lib/avr4\libm.a(mulsf3x.o)
                              c:/winavr/bin/../lib/gcc/avr/3.4.6/../../../../avr/lib/avr4\libm.a(mulsf3.o) (__mulsf3x)
C:/WinAVR/lib/gcc/avr/3.4.6/avr4\libgcc.a(_udivmodhi4.o)
                              ledmeter.o (__udivmodhi4)
C:/WinAVR/lib/gcc/avr/3.4.6/avr4\libgcc.a(_copy_data.o)
                              ledmeter.o (__do_copy_data)
C:/WinAVR/lib/gcc/avr/3.4.6/avr4\libgcc.a(_clear_bss.o)
                              ledmeter.o (__do_clear_bss)
c:/winavr/bin/../lib/gcc/avr/3.4.6/../../../../avr/lib/avr4\libc.a(printf.o)
                              ledmeter.o (printf)
c:/winavr/bin/../lib/gcc/avr/3.4.6/../../../../avr/lib/avr4\libc.a(vfprintf_std.o)
                              c:/winavr/bin/../lib/gcc/avr/3.4.6/../../../../avr/lib/avr4\libc.a(printf.o) (vfprintf)
c:/winavr/bin/../lib/gcc/avr/3.4.6/../../../../avr/lib/avr4\libc.a(strlen_P.o)
                              c:/winavr/bin/../lib/gcc/avr/3.4.6/../../../../avr/lib/avr4\libc.a(vfprintf_std.o) (strlen_P)
c:/winavr/bin/../lib/gcc/avr/3.4.6/../../../../avr/lib/avr4\libc.a(strnlen_P.o)
                              c:/winavr/bin/../lib/gcc/avr/3.4.6/../../../../avr/lib/avr4\libc.a(vfprintf_std.o) (strnlen_P)
c:/winavr/bin/../lib/gcc/avr/3.4.6/../../../../avr/lib/avr4\libc.a(strnlen.o)
                              c:/winavr/bin/../lib/gcc/avr/3.4.6/../../../../avr/lib/avr4\libc.a(vfprintf_std.o) (strnlen)
c:/winavr/bin/../lib/gcc/avr/3.4.6/../../../../avr/lib/avr4\libc.a(fputc.o)
                              c:/winavr/bin/../lib/gcc/avr/3.4.6/../../../../avr/lib/avr4\libc.a(vfprintf_std.o) (fputc)
c:/winavr/bin/../lib/gcc/avr/3.4.6/../../../../avr/lib/avr4\libc.a(iob.o)
                              c:/winavr/bin/../lib/gcc/avr/3.4.6/../../../../avr/lib/avr4\libc.a(printf.o) (__iob)
C:/WinAVR/lib/gcc/avr/3.4.6/avr4\libgcc.a(_udivmodsi4.o)
                              c:/winavr/bin/../lib/gcc/avr/3.4.6/../../../../avr/lib/avr4\libc.a(vfprintf_std.o) (__udivmodsi4)
C:/WinAVR/lib/gcc/avr/3.4.6/avr4\libgcc.a(_prologue.o)
                              c:/winavr/bin/../lib/gcc/avr/3.4.6/../../../../avr/lib/avr4\libc.a(printf.o) (__prologue_saves__)
C:/WinAVR/lib/gcc/avr/3.4.6/avr4\libgcc.a(_epilogue.o)
                              c:/winavr/bin/../lib/gcc/avr/3.4.6/../../../../avr/lib/avr4\libc.a(printf.o) (__epilogue_restores__)

Allocating common symbols
Common symbol       size              file

current_time        0x5               ledmeter.o
best_time           0x5               ledmeter.o
last_time           0x5               ledmeter.o
__iob               0x6               c:/winavr/bin/../lib/gcc/avr/3.4.6/../../../../avr/lib/avr4\libc.a(iob.o)

Memory Configuration

Name             Origin             Length             Attributes
text             0x00000000         0x00002000         xr
data             0x00800060         0x0000ffa0         rw !x
eeprom           0x00810000         0x00010000         rw !x
*default*        0x00000000         0xffffffff

Linker script and memory map

LOAD c:/winavr/bin/../lib/gcc/avr/3.4.6/../../../../avr/lib/avr4/crtm8535.o
LOAD ledmeter.o
LOAD c:/winavr/bin/../lib/gcc/avr/3.4.6/../../../../avr/lib/avr4\libm.a
LOAD C:/WinAVR/lib/gcc/avr/3.4.6/avr4\libgcc.a
LOAD c:/winavr/bin/../lib/gcc/avr/3.4.6/../../../../avr/lib/avr4\libc.a
LOAD C:/WinAVR/lib/gcc/avr/3.4.6/avr4\libgcc.a

.hash
 *(.hash)

.dynsym
 *(.dynsym)

.dynstr
 *(.dynstr)

.gnu.version
 *(.gnu.version)

.gnu.version_d
 *(.gnu.version_d)

.gnu.version_r
 *(.gnu.version_r)

.rel.init
 *(.rel.init)

.rela.init
 *(.rela.init)

.rel.text
 *(.rel.text)
 *(.rel.text.*)
 *(.rel.gnu.linkonce.t*)

.rela.text
 *(.rela.text)
 *(.rela.text.*)
 *(.rela.gnu.linkonce.t*)

.rel.fini
 *(.rel.fini)

.rela.fini
 *(.rela.fini)

.rel.rodata
 *(.rel.rodata)
 *(.rel.rodata.*)
 *(.rel.gnu.linkonce.r*)

.rela.rodata
 *(.rela.rodata)
 *(.rela.rodata.*)
 *(.rela.gnu.linkonce.r*)

.rel.data
 *(.rel.data)
 *(.rel.data.*)
 *(.rel.gnu.linkonce.d*)

.rela.data
 *(.rela.data)
 *(.rela.data.*)
 *(.rela.gnu.linkonce.d*)

.rel.ctors
 *(.rel.ctors)

.rela.ctors
 *(.rela.ctors)

.rel.dtors
 *(.rel.dtors)

.rela.dtors
 *(.rela.dtors)

.rel.got
 *(.rel.got)

.rela.got
 *(.rela.got)

.rel.bss
 *(.rel.bss)

.rela.bss
 *(.rela.bss)

.rel.plt
 *(.rel.plt)

.rela.plt
 *(.rela.plt)

.text           0x00000000     0x18fc
 *(.vectors)
 .vectors       0x00000000       0x2a c:/winavr/bin/../lib/gcc/avr/3.4.6/../../../../avr/lib/avr4/crtm8535.o
                0x00000000                __vectors
                0x00000000                __vector_default
                0x0000002a                __ctors_start = .
 *(.ctors)
                0x0000002a                __ctors_end = .
                0x0000002a                __dtors_start = .
 *(.dtors)
                0x0000002a                __dtors_end = .
 *(.progmem.gcc*)
 *(.progmem*)
                0x0000002a                . = ALIGN (0x2)
 *(.init0)
 *(.init1)
 *(.init2)
 .init2         0x0000002a        0xc c:/winavr/bin/../lib/gcc/avr/3.4.6/../../../../avr/lib/avr4/crtm8535.o
 *(.init3)
 *(.init4)
 .init4         0x00000036       0x16 C:/WinAVR/lib/gcc/avr/3.4.6/avr4\libgcc.a(_copy_data.o)
                0x00000036                __do_copy_data
 .init4         0x0000004c       0x10 C:/WinAVR/lib/gcc/avr/3.4.6/avr4\libgcc.a(_clear_bss.o)
                0x0000004c                __do_clear_bss
 *(.init5)
 *(.init6)
 *(.init7)
 *(.init8)
 *(.init9)
 .init9         0x0000005c        0x2 c:/winavr/bin/../lib/gcc/avr/3.4.6/../../../../avr/lib/avr4/crtm8535.o
 *(.text)
 .text          0x0000005e        0x2 c:/winavr/bin/../lib/gcc/avr/3.4.6/../../../../avr/lib/avr4/crtm8535.o
                0x0000005e                __vector_12
                0x0000005e                __bad_interrupt
                0x0000005e                __vector_6
                0x0000005e                __vector_3
                0x0000005e                __vector_11
                0x0000005e                __vector_13
                0x0000005e                __vector_17
                0x0000005e                __vector_19
                0x0000005e                __vector_7
                0x0000005e                __vector_5
                0x0000005e                __vector_4
                0x0000005e                __vector_9
                0x0000005e                __vector_2
                0x0000005e                __vector_15
                0x0000005e                __vector_8
                0x0000005e                __vector_14
                0x0000005e                __vector_10
                0x0000005e                __vector_16
                0x0000005e                __vector_18
                0x0000005e                __vector_20
 .text          0x00000060      0xf02 ledmeter.o
                0x00000742                switch_on_min_dels
                0x00000344                switch_off_all_leds
                0x00000f10                __vector_1
                0x00000afe                StartStopChronometer
                0x00000db2                adcConvert8bit
                0x000009ba                show_percent
                0x000000a4                def_time
                0x00000298                copy_time
                0x00000e52                loop
                0x000005ae                test_leds_up_down
                0x0000078e                switch_on_max_dels
                0x00000b38                TestRunningChronometer
                0x0000067c                test_leds_up_off
                0x00000d2a                init
                0x000003aa                switch_off_led
                0x00000f02                main
                0x00000cbc                hw_init
                0x00000182                inc_time
                0x00000c98                sf_init
                0x00000332                switch_on_all_leds
                0x00000960                roundp
                0x00000de8                SeekButtons
                0x00000358                switch_on_led
                0x000007ec                led_alarm
                0x00000300                compare_time
                0x00000060                init_time
                0x00000a1c                beep
                0x000004d4                switch_off_leds_with_delay
                0x00000104                print_time
                0x000003fa                switch_on_leds_with_delay
                0x00000d3c                adcConvert10bit
 .text          0x00000f62       0x28 c:/winavr/bin/../lib/gcc/avr/3.4.6/../../../../avr/lib/avr4\libc.a(printf.o)
                0x00000f62                printf
 .text          0x00000f8a      0x4fe c:/winavr/bin/../lib/gcc/avr/3.4.6/../../../../avr/lib/avr4\libc.a(vfprintf_std.o)
                0x00000f8a                vfprintf
 .text          0x00001488       0x12 c:/winavr/bin/../lib/gcc/avr/3.4.6/../../../../avr/lib/avr4\libc.a(strlen_P.o)
                0x00001488                strlen_P
 .text          0x0000149a       0x16 c:/winavr/bin/../lib/gcc/avr/3.4.6/../../../../avr/lib/avr4\libc.a(strnlen_P.o)
                0x0000149a                strnlen_P
 .text          0x000014b0       0x16 c:/winavr/bin/../lib/gcc/avr/3.4.6/../../../../avr/lib/avr4\libc.a(strnlen.o)
                0x000014b0                strnlen
 .text          0x000014c6       0x5a c:/winavr/bin/../lib/gcc/avr/3.4.6/../../../../avr/lib/avr4\libc.a(fputc.o)
                0x000014c6                fputc
                0x00001520                . = ALIGN (0x2)
 *(.text.*)
 .text.fplib    0x00001520        0xa c:/winavr/bin/../lib/gcc/avr/3.4.6/../../../../avr/lib/avr4\libm.a(addsf3.o)
                0x00001520                __subsf3
                0x00001522                __addsf3
 .text.fplib    0x0000152a       0x7c c:/winavr/bin/../lib/gcc/avr/3.4.6/../../../../avr/lib/avr4\libm.a(addsf3x.o)
                0x0000152a                __addsf3x
 .text.fplib    0x000015a6        0x6 c:/winavr/bin/../lib/gcc/avr/3.4.6/../../../../avr/lib/avr4\libm.a(divsf3.o)
                0x000015a6                __divsf3
 .text.fplib    0x000015ac       0x86 c:/winavr/bin/../lib/gcc/avr/3.4.6/../../../../avr/lib/avr4\libm.a(divsf3x.o)
                0x000015ac                __divsf3x
 .text.fplib    0x00001632       0x36 c:/winavr/bin/../lib/gcc/avr/3.4.6/../../../../avr/lib/avr4\libm.a(fixsfsi.o)
                0x00001632                __fixsfsi
                0x00001658                __fp_lneg
                0x00001632                __fixunssfsi
 .text.fplib    0x00001668       0x18 c:/winavr/bin/../lib/gcc/avr/3.4.6/../../../../avr/lib/avr4\libm.a(floatsisf.o)
                0x0000166c                __floatsisf
                0x00001668                __floatunssisf
 .text.fplib    0x00001680       0x32 c:/winavr/bin/../lib/gcc/avr/3.4.6/../../../../avr/lib/avr4\libm.a(floor.o)
                0x00001680                floor
 .text.fplib    0x000016b2       0x44 c:/winavr/bin/../lib/gcc/avr/3.4.6/../../../../avr/lib/avr4\libm.a(fp_cmp.o)
                0x000016b2                __lesf2
                0x000016b2                __nesf2
                0x000016b8                __gtsf2
                0x000016b2                __eqsf2
                0x000016be                __cmpsf2
                0x000016b2                __ltsf2
                0x000016b8                __gesf2
 .text.fplib    0x000016f6       0x3a c:/winavr/bin/../lib/gcc/avr/3.4.6/../../../../avr/lib/avr4\libm.a(fp_merge.o)
                0x00001700                __fp_merge
 .text.fplib    0x00001730        0x6 c:/winavr/bin/../lib/gcc/avr/3.4.6/../../../../avr/lib/avr4\libm.a(fp_nan.o)
                0x00001730                __fp_nanERANGE
                0x00001730                __fp_nan
                0x00001730                __fp_nanEDOM
                0x00001730                __fp_nanx
 .text.fplib    0x00001736       0x52 c:/winavr/bin/../lib/gcc/avr/3.4.6/../../../../avr/lib/avr4\libm.a(fp_split.o)
                0x00001736                __fp_split3
                0x0000173c                __fp_split2
                0x0000174e                __fp_split1
                0x0000176a                __fp_split_a
 .text.fplib    0x00001788        0xa c:/winavr/bin/../lib/gcc/avr/3.4.6/../../../../avr/lib/avr4\libm.a(fp_zero.o)
                0x00001788                __fp_zero
                0x0000178e                __fp_zerox
 .text.fplib    0x00001792        0x6 c:/winavr/bin/../lib/gcc/avr/3.4.6/../../../../avr/lib/avr4\libm.a(mulsf3.o)
                0x00001792                __mulsf3
 .text.fplib    0x00001798       0x8a c:/winavr/bin/../lib/gcc/avr/3.4.6/../../../../avr/lib/avr4\libm.a(mulsf3x.o)
                0x00001798                __mulsf3x
 .text.libgcc   0x00001822       0x28 C:/WinAVR/lib/gcc/avr/3.4.6/avr4\libgcc.a(_udivmodhi4.o)
                0x00001822                __udivmodhi4
 .text.libgcc   0x0000184a       0x44 C:/WinAVR/lib/gcc/avr/3.4.6/avr4\libgcc.a(_udivmodsi4.o)
                0x0000184a                __udivmodsi4
 .text.libgcc   0x0000188e       0x38 C:/WinAVR/lib/gcc/avr/3.4.6/avr4\libgcc.a(_prologue.o)
                0x0000188e                __prologue_saves__
 .text.libgcc   0x000018c6       0x36 C:/WinAVR/lib/gcc/avr/3.4.6/avr4\libgcc.a(_epilogue.o)
                0x000018c6                __epilogue_restores__
                0x000018fc                . = ALIGN (0x2)
 *(.fini9)
 *(.fini8)
 *(.fini7)
 *(.fini6)
 *(.fini5)
 *(.fini4)
 *(.fini3)
 *(.fini2)
 *(.fini1)
 *(.fini0)
                0x000018fc                _etext = .

.data           0x00800060       0x1c load address 0x000018fc
                0x00800060                PROVIDE (__data_start, .)
 *(.data)
 .data          0x00800060       0x1b ledmeter.o
 *(.gnu.linkonce.d*)
                0x0080007c                . = ALIGN (0x2)
 *fill*         0x0080007b        0x1 00
                0x0080007c                _edata = .
                0x0080007c                PROVIDE (__data_end, .)

.bss            0x0080007c       0x16
                0x0080007c                PROVIDE (__bss_start, .)
 *(.bss)
 .bss           0x0080007c        0x1 ledmeter.o
                0x0080007c                running_chronometer
 *(COMMON)
 COMMON         0x0080007d        0xf ledmeter.o
                0x0080007d                current_time
                0x00800082                best_time
                0x00800087                last_time
 COMMON         0x0080008c        0x6 c:/winavr/bin/../lib/gcc/avr/3.4.6/../../../../avr/lib/avr4\libc.a(iob.o)
                0x0080008c                __iob
                0x00800092                PROVIDE (__bss_end, .)
                0x000018fc                __data_load_start = LOADADDR (.data)
                0x00001918                __data_load_end = (__data_load_start + SIZEOF (.data))

.noinit         0x00800092        0x0
                0x00800092                PROVIDE (__noinit_start, .)
 *(.noinit*)
                0x00800092                PROVIDE (__noinit_end, .)
                0x00800092                _end = .
                0x00800092                PROVIDE (__heap_start, .)

.eeprom         0x00810000        0x0
 *(.eeprom*)
                0x00810000                __eeprom_end = .

.stab           0x00000000     0x1bc0
 *(.stab)
 .stab          0x00000000      0x36c c:/winavr/bin/../lib/gcc/avr/3.4.6/../../../../avr/lib/avr4/crtm8535.o
 .stab          0x0000036c     0x1854 ledmeter.o
                               0x1860 (size before relaxing)

.stabstr        0x00000000      0xd4b
 *(.stabstr)
 .stabstr       0x00000000      0xd4b c:/winavr/bin/../lib/gcc/avr/3.4.6/../../../../avr/lib/avr4/crtm8535.o

.stab.excl
 *(.stab.excl)

.stab.exclstr
 *(.stab.exclstr)

.stab.index
 *(.stab.index)

.stab.indexstr
 *(.stab.indexstr)

.comment
 *(.comment)

.debug
 *(.debug)

.line
 *(.line)

.debug_srcinfo
 *(.debug_srcinfo)

.debug_sfnames
 *(.debug_sfnames)

.debug_aranges
 *(.debug_aranges)

.debug_pubnames
 *(.debug_pubnames)

.debug_info
 *(.debug_info)
 *(.gnu.linkonce.wi.*)

.debug_abbrev
 *(.debug_abbrev)

.debug_line
 *(.debug_line)

.debug_frame
 *(.debug_frame)

.debug_str
 *(.debug_str)

.debug_loc
 *(.debug_loc)

.debug_macinfo
 *(.debug_macinfo)
OUTPUT(ledmeter.elf elf32-avr)

Cross Reference Table

Symbol                                            File
SeekButtons                                       ledmeter.o
StartStopChronometer                              ledmeter.o
TestRunningChronometer                            ledmeter.o
__addsf3                                          c:/winavr/bin/../lib/gcc/avr/3.4.6/../../../../avr/lib/avr4\libm.a(addsf3.o)
                                                  ledmeter.o
__addsf3x                                         c:/winavr/bin/../lib/gcc/avr/3.4.6/../../../../avr/lib/avr4\libm.a(addsf3x.o)
                                                  c:/winavr/bin/../lib/gcc/avr/3.4.6/../../../../avr/lib/avr4\libm.a(addsf3.o)
__bad_interrupt                                   c:/winavr/bin/../lib/gcc/avr/3.4.6/../../../../avr/lib/avr4/crtm8535.o
__bss_end                                         C:/WinAVR/lib/gcc/avr/3.4.6/avr4\libgcc.a(_clear_bss.o)
__bss_start                                       C:/WinAVR/lib/gcc/avr/3.4.6/avr4\libgcc.a(_clear_bss.o)
__cmpsf2                                          c:/winavr/bin/../lib/gcc/avr/3.4.6/../../../../avr/lib/avr4\libm.a(fp_cmp.o)
__data_end                                        C:/WinAVR/lib/gcc/avr/3.4.6/avr4\libgcc.a(_copy_data.o)
__data_load_start                                 C:/WinAVR/lib/gcc/avr/3.4.6/avr4\libgcc.a(_copy_data.o)
__data_start                                      C:/WinAVR/lib/gcc/avr/3.4.6/avr4\libgcc.a(_copy_data.o)
__divsf3                                          c:/winavr/bin/../lib/gcc/avr/3.4.6/../../../../avr/lib/avr4\libm.a(divsf3.o)
                                                  ledmeter.o
__divsf3x                                         c:/winavr/bin/../lib/gcc/avr/3.4.6/../../../../avr/lib/avr4\libm.a(divsf3x.o)
                                                  c:/winavr/bin/../lib/gcc/avr/3.4.6/../../../../avr/lib/avr4\libm.a(divsf3.o)
__do_clear_bss                                    C:/WinAVR/lib/gcc/avr/3.4.6/avr4\libgcc.a(_clear_bss.o)
                                                  c:/winavr/bin/../lib/gcc/avr/3.4.6/../../../../avr/lib/avr4\libc.a(iob.o)
                                                  c:/winavr/bin/../lib/gcc/avr/3.4.6/../../../../avr/lib/avr4\libc.a(fputc.o)
                                                  c:/winavr/bin/../lib/gcc/avr/3.4.6/../../../../avr/lib/avr4\libc.a(vfprintf_std.o)
                                                  c:/winavr/bin/../lib/gcc/avr/3.4.6/../../../../avr/lib/avr4\libc.a(printf.o)
                                                  ledmeter.o
__do_copy_data                                    C:/WinAVR/lib/gcc/avr/3.4.6/avr4\libgcc.a(_copy_data.o)
                                                  c:/winavr/bin/../lib/gcc/avr/3.4.6/../../../../avr/lib/avr4\libc.a(iob.o)
                                                  c:/winavr/bin/../lib/gcc/avr/3.4.6/../../../../avr/lib/avr4\libc.a(fputc.o)
                                                  c:/winavr/bin/../lib/gcc/avr/3.4.6/../../../../avr/lib/avr4\libc.a(vfprintf_std.o)
                                                  c:/winavr/bin/../lib/gcc/avr/3.4.6/../../../../avr/lib/avr4\libc.a(printf.o)
                                                  ledmeter.o
__epilogue_restores__                             C:/WinAVR/lib/gcc/avr/3.4.6/avr4\libgcc.a(_epilogue.o)
                                                  c:/winavr/bin/../lib/gcc/avr/3.4.6/../../../../avr/lib/avr4\libc.a(vfprintf_std.o)
                                                  c:/winavr/bin/../lib/gcc/avr/3.4.6/../../../../avr/lib/avr4\libc.a(printf.o)
__eqsf2                                           c:/winavr/bin/../lib/gcc/avr/3.4.6/../../../../avr/lib/avr4\libm.a(fp_cmp.o)
__fixsfsi                                         c:/winavr/bin/../lib/gcc/avr/3.4.6/../../../../avr/lib/avr4\libm.a(fixsfsi.o)
__fixunssfsi                                      c:/winavr/bin/../lib/gcc/avr/3.4.6/../../../../avr/lib/avr4\libm.a(fixsfsi.o)
                                                  ledmeter.o
__floatsisf                                       c:/winavr/bin/../lib/gcc/avr/3.4.6/../../../../avr/lib/avr4\libm.a(floatsisf.o)
                                                  ledmeter.o
__floatunssisf                                    c:/winavr/bin/../lib/gcc/avr/3.4.6/../../../../avr/lib/avr4\libm.a(floatsisf.o)
__fp_lneg                                         c:/winavr/bin/../lib/gcc/avr/3.4.6/../../../../avr/lib/avr4\libm.a(fixsfsi.o)
                                                  c:/winavr/bin/../lib/gcc/avr/3.4.6/../../../../avr/lib/avr4\libm.a(floatsisf.o)
__fp_merge                                        c:/winavr/bin/../lib/gcc/avr/3.4.6/../../../../avr/lib/avr4\libm.a(fp_merge.o)
                                                  c:/winavr/bin/../lib/gcc/avr/3.4.6/../../../../avr/lib/avr4\libm.a(mulsf3.o)
                                                  c:/winavr/bin/../lib/gcc/avr/3.4.6/../../../../avr/lib/avr4\libm.a(floor.o)
                                                  c:/winavr/bin/../lib/gcc/avr/3.4.6/../../../../avr/lib/avr4\libm.a(floatsisf.o)
                                                  c:/winavr/bin/../lib/gcc/avr/3.4.6/../../../../avr/lib/avr4\libm.a(divsf3.o)
                                                  c:/winavr/bin/../lib/gcc/avr/3.4.6/../../../../avr/lib/avr4\libm.a(addsf3.o)
__fp_nan                                          c:/winavr/bin/../lib/gcc/avr/3.4.6/../../../../avr/lib/avr4\libm.a(fp_nan.o)
                                                  c:/winavr/bin/../lib/gcc/avr/3.4.6/../../../../avr/lib/avr4\libm.a(fp_split.o)
__fp_nanEDOM                                      c:/winavr/bin/../lib/gcc/avr/3.4.6/../../../../avr/lib/avr4\libm.a(fp_nan.o)
__fp_nanERANGE                                    c:/winavr/bin/../lib/gcc/avr/3.4.6/../../../../avr/lib/avr4\libm.a(fp_nan.o)
__fp_nanx                                         c:/winavr/bin/../lib/gcc/avr/3.4.6/../../../../avr/lib/avr4\libm.a(fp_nan.o)
                                                  c:/winavr/bin/../lib/gcc/avr/3.4.6/../../../../avr/lib/avr4\libm.a(mulsf3x.o)
                                                  c:/winavr/bin/../lib/gcc/avr/3.4.6/../../../../avr/lib/avr4\libm.a(divsf3x.o)
__fp_split1                                       c:/winavr/bin/../lib/gcc/avr/3.4.6/../../../../avr/lib/avr4\libm.a(fp_split.o)
                                                  c:/winavr/bin/../lib/gcc/avr/3.4.6/../../../../avr/lib/avr4\libm.a(fixsfsi.o)
__fp_split2                                       c:/winavr/bin/../lib/gcc/avr/3.4.6/../../../../avr/lib/avr4\libm.a(fp_split.o)
                                                  c:/winavr/bin/../lib/gcc/avr/3.4.6/../../../../avr/lib/avr4\libm.a(fp_cmp.o)
__fp_split3                                       c:/winavr/bin/../lib/gcc/avr/3.4.6/../../../../avr/lib/avr4\libm.a(fp_split.o)
                                                  c:/winavr/bin/../lib/gcc/avr/3.4.6/../../../../avr/lib/avr4\libm.a(mulsf3.o)
                                                  c:/winavr/bin/../lib/gcc/avr/3.4.6/../../../../avr/lib/avr4\libm.a(divsf3.o)
                                                  c:/winavr/bin/../lib/gcc/avr/3.4.6/../../../../avr/lib/avr4\libm.a(addsf3.o)
__fp_split_a                                      c:/winavr/bin/../lib/gcc/avr/3.4.6/../../../../avr/lib/avr4\libm.a(fp_split.o)
                                                  c:/winavr/bin/../lib/gcc/avr/3.4.6/../../../../avr/lib/avr4\libm.a(floor.o)
__fp_zero                                         c:/winavr/bin/../lib/gcc/avr/3.4.6/../../../../avr/lib/avr4\libm.a(fp_zero.o)
                                                  c:/winavr/bin/../lib/gcc/avr/3.4.6/../../../../avr/lib/avr4\libm.a(fp_merge.o)
                                                  c:/winavr/bin/../lib/gcc/avr/3.4.6/../../../../avr/lib/avr4\libm.a(floor.o)
                                                  c:/winavr/bin/../lib/gcc/avr/3.4.6/../../../../avr/lib/avr4\libm.a(fixsfsi.o)
__fp_zerox                                        c:/winavr/bin/../lib/gcc/avr/3.4.6/../../../../avr/lib/avr4\libm.a(fp_zero.o)
                                                  c:/winavr/bin/../lib/gcc/avr/3.4.6/../../../../avr/lib/avr4\libm.a(mulsf3x.o)
                                                  c:/winavr/bin/../lib/gcc/avr/3.4.6/../../../../avr/lib/avr4\libm.a(divsf3x.o)
                                                  c:/winavr/bin/../lib/gcc/avr/3.4.6/../../../../avr/lib/avr4\libm.a(addsf3x.o)
__gesf2                                           c:/winavr/bin/../lib/gcc/avr/3.4.6/../../../../avr/lib/avr4\libm.a(fp_cmp.o)
                                                  ledmeter.o
__gtsf2                                           c:/winavr/bin/../lib/gcc/avr/3.4.6/../../../../avr/lib/avr4\libm.a(fp_cmp.o)
                                                  ledmeter.o
__heap_end                                        c:/winavr/bin/../lib/gcc/avr/3.4.6/../../../../avr/lib/avr4/crtm8535.o
__init                                            c:/winavr/bin/../lib/gcc/avr/3.4.6/../../../../avr/lib/avr4/crtm8535.o
__iob                                             c:/winavr/bin/../lib/gcc/avr/3.4.6/../../../../avr/lib/avr4\libc.a(iob.o)
                                                  c:/winavr/bin/../lib/gcc/avr/3.4.6/../../../../avr/lib/avr4\libc.a(printf.o)
__lesf2                                           c:/winavr/bin/../lib/gcc/avr/3.4.6/../../../../avr/lib/avr4\libm.a(fp_cmp.o)
__ltsf2                                           c:/winavr/bin/../lib/gcc/avr/3.4.6/../../../../avr/lib/avr4\libm.a(fp_cmp.o)
                                                  ledmeter.o
__mulsf3                                          c:/winavr/bin/../lib/gcc/avr/3.4.6/../../../../avr/lib/avr4\libm.a(mulsf3.o)
                                                  ledmeter.o
__mulsf3x                                         c:/winavr/bin/../lib/gcc/avr/3.4.6/../../../../avr/lib/avr4\libm.a(mulsf3x.o)
                                                  c:/winavr/bin/../lib/gcc/avr/3.4.6/../../../../avr/lib/avr4\libm.a(mulsf3.o)
__nesf2                                           c:/winavr/bin/../lib/gcc/avr/3.4.6/../../../../avr/lib/avr4\libm.a(fp_cmp.o)
__prologue_saves__                                C:/WinAVR/lib/gcc/avr/3.4.6/avr4\libgcc.a(_prologue.o)
                                                  c:/winavr/bin/../lib/gcc/avr/3.4.6/../../../../avr/lib/avr4\libc.a(vfprintf_std.o)
                                                  c:/winavr/bin/../lib/gcc/avr/3.4.6/../../../../avr/lib/avr4\libc.a(printf.o)
__stack                                           c:/winavr/bin/../lib/gcc/avr/3.4.6/../../../../avr/lib/avr4/crtm8535.o
                                                  ledmeter.o
__subsf3                                          c:/winavr/bin/../lib/gcc/avr/3.4.6/../../../../avr/lib/avr4\libm.a(addsf3.o)
__udivmodhi4                                      C:/WinAVR/lib/gcc/avr/3.4.6/avr4\libgcc.a(_udivmodhi4.o)
                                                  ledmeter.o
__udivmodsi4                                      C:/WinAVR/lib/gcc/avr/3.4.6/avr4\libgcc.a(_udivmodsi4.o)
                                                  c:/winavr/bin/../lib/gcc/avr/3.4.6/../../../../avr/lib/avr4\libc.a(vfprintf_std.o)
__vector_1                                        ledmeter.o
                                                  c:/winavr/bin/../lib/gcc/avr/3.4.6/../../../../avr/lib/avr4/crtm8535.o
__vector_10                                       c:/winavr/bin/../lib/gcc/avr/3.4.6/../../../../avr/lib/avr4/crtm8535.o
__vector_11                                       c:/winavr/bin/../lib/gcc/avr/3.4.6/../../../../avr/lib/avr4/crtm8535.o
__vector_12                                       c:/winavr/bin/../lib/gcc/avr/3.4.6/../../../../avr/lib/avr4/crtm8535.o
__vector_13                                       c:/winavr/bin/../lib/gcc/avr/3.4.6/../../../../avr/lib/avr4/crtm8535.o
__vector_14                                       c:/winavr/bin/../lib/gcc/avr/3.4.6/../../../../avr/lib/avr4/crtm8535.o
__vector_15                                       c:/winavr/bin/../lib/gcc/avr/3.4.6/../../../../avr/lib/avr4/crtm8535.o
__vector_16                                       c:/winavr/bin/../lib/gcc/avr/3.4.6/../../../../avr/lib/avr4/crtm8535.o
__vector_17                                       c:/winavr/bin/../lib/gcc/avr/3.4.6/../../../../avr/lib/avr4/crtm8535.o
__vector_18                                       c:/winavr/bin/../lib/gcc/avr/3.4.6/../../../../avr/lib/avr4/crtm8535.o
__vector_19                                       c:/winavr/bin/../lib/gcc/avr/3.4.6/../../../../avr/lib/avr4/crtm8535.o
__vector_2                                        c:/winavr/bin/../lib/gcc/avr/3.4.6/../../../../avr/lib/avr4/crtm8535.o
__vector_20                                       c:/winavr/bin/../lib/gcc/avr/3.4.6/../../../../avr/lib/avr4/crtm8535.o
__vector_3                                        c:/winavr/bin/../lib/gcc/avr/3.4.6/../../../../avr/lib/avr4/crtm8535.o
__vector_4                                        c:/winavr/bin/../lib/gcc/avr/3.4.6/../../../../avr/lib/avr4/crtm8535.o
__vector_5                                        c:/winavr/bin/../lib/gcc/avr/3.4.6/../../../../avr/lib/avr4/crtm8535.o
__vector_6                                        c:/winavr/bin/../lib/gcc/avr/3.4.6/../../../../avr/lib/avr4/crtm8535.o
__vector_7                                        c:/winavr/bin/../lib/gcc/avr/3.4.6/../../../../avr/lib/avr4/crtm8535.o
__vector_8                                        c:/winavr/bin/../lib/gcc/avr/3.4.6/../../../../avr/lib/avr4/crtm8535.o
__vector_9                                        c:/winavr/bin/../lib/gcc/avr/3.4.6/../../../../avr/lib/avr4/crtm8535.o
__vector_default                                  c:/winavr/bin/../lib/gcc/avr/3.4.6/../../../../avr/lib/avr4/crtm8535.o
__vectors                                         c:/winavr/bin/../lib/gcc/avr/3.4.6/../../../../avr/lib/avr4/crtm8535.o
adcConvert10bit                                   ledmeter.o
adcConvert8bit                                    ledmeter.o
beep                                              ledmeter.o
best_time                                         ledmeter.o
compare_time                                      ledmeter.o
copy_time                                         ledmeter.o
current_time                                      ledmeter.o
def_time                                          ledmeter.o
floor                                             c:/winavr/bin/../lib/gcc/avr/3.4.6/../../../../avr/lib/avr4\libm.a(floor.o)
                                                  ledmeter.o
fputc                                             c:/winavr/bin/../lib/gcc/avr/3.4.6/../../../../avr/lib/avr4\libc.a(fputc.o)
                                                  c:/winavr/bin/../lib/gcc/avr/3.4.6/../../../../avr/lib/avr4\libc.a(vfprintf_std.o)
hw_init                                           ledmeter.o
inc_time                                          ledmeter.o
init                                              ledmeter.o
init_time                                         ledmeter.o
last_time                                         ledmeter.o
led_alarm                                         ledmeter.o
loop                                              ledmeter.o
main                                              ledmeter.o
                                                  c:/winavr/bin/../lib/gcc/avr/3.4.6/../../../../avr/lib/avr4/crtm8535.o
print_time                                        ledmeter.o
printf                                            c:/winavr/bin/../lib/gcc/avr/3.4.6/../../../../avr/lib/avr4\libc.a(printf.o)
                                                  ledmeter.o
roundp                                            ledmeter.o
running_chronometer                               ledmeter.o
sf_init                                           ledmeter.o
show_percent                                      ledmeter.o
strlen_P                                          c:/winavr/bin/../lib/gcc/avr/3.4.6/../../../../avr/lib/avr4\libc.a(strlen_P.o)
                                                  c:/winavr/bin/../lib/gcc/avr/3.4.6/../../../../avr/lib/avr4\libc.a(vfprintf_std.o)
strnlen                                           c:/winavr/bin/../lib/gcc/avr/3.4.6/../../../../avr/lib/avr4\libc.a(strnlen.o)
                                                  c:/winavr/bin/../lib/gcc/avr/3.4.6/../../../../avr/lib/avr4\libc.a(vfprintf_std.o)
strnlen_P                                         c:/winavr/bin/../lib/gcc/avr/3.4.6/../../../../avr/lib/avr4\libc.a(strnlen_P.o)
                                                  c:/winavr/bin/../lib/gcc/avr/3.4.6/../../../../avr/lib/avr4\libc.a(vfprintf_std.o)
switch_off_all_leds                               ledmeter.o
switch_off_led                                    ledmeter.o
switch_off_leds_with_delay                        ledmeter.o
switch_on_all_leds                                ledmeter.o
switch_on_led                                     ledmeter.o
switch_on_leds_with_delay                         ledmeter.o
switch_on_max_dels                                ledmeter.o
switch_on_min_dels                                ledmeter.o
test_leds_up_down                                 ledmeter.o
test_leds_up_off                                  ledmeter.o
vfprintf                                          c:/winavr/bin/../lib/gcc/avr/3.4.6/../../../../avr/lib/avr4\libc.a(vfprintf_std.o)
                                                  c:/winavr/bin/../lib/gcc/avr/3.4.6/../../../../avr/lib/avr4\libc.a(printf.o)
